


DSP Linker  Version 6.3.7   107-12-03  14:43:05  build.map  Page 1


                        Section Link Map by Address


X Memory (0 - default)

Start    End         Length    Section
000000   000066         103    GLOBAL            Abs Ovl
000067   FFFFFF    16777113    UNUSED


P Memory (0 - default)

Start    End         Length    Section
000000   00006A         107    GLOBAL            Abs
000000   000068         105    GLOBAL            Abs Ovl
000000   000001           2    GLOBAL            Abs Ovl
00006B   000071           7    UNUSED
000072   00008B          26    GLOBAL            Abs Ovl
000074   00008D          26    GLOBAL            Abs
00008E   0000FF         114    UNUSED
000100   000651        1362    GLOBAL            Abs Ovl
000102   0006BA        1465    GLOBAL            Abs
0006BB   0007FF         325    UNUSED
000800   00080F          16    GLOBAL            Abs Ovl
000802   000811          16    GLOBAL            Abs
000812   FFFFFF    16775150    UNUSED



                         Section Link Map by Name


Section                Memory       Start     End           Length
GLOBAL           Ovl   X (0)        000000    000066           103
                 Abs   P (0)        000000    00006A           107
                 Ovl   P (0)        000000    000068           105
                 Ovl   P (0)        000000    000001             2
                 Ovl   P (0)        000072    00008B            26
                 Abs   P (0)        000074    00008D            26
                 Ovl   P (0)        000100    000651          1362
                 Abs   P (0)        000102    0006BA          1465
                 Ovl   P (0)        000800    00080F            16
                 Abs   P (0)        000802    000811            16




















DSP Linker  Version 6.3.7   107-12-03  14:43:05  build.map  Page 2


                          Symbol Listing by Name


Name             Type    Value             Section           Attributes
AAR0.............int     FFFFF9            GLOBAL            ABS GLOBAL
AAR1.............int     FFFFF8            GLOBAL            ABS GLOBAL
AAR2.............int     FFFFF7            GLOBAL            ABS GLOBAL
AAR3.............int     FFFFF6            GLOBAL            ABS GLOBAL
ADD_HILO_ADDRESS.int   P:000647            GLOBAL            ABS GLOBAL OVERLAY
APER.............int     000005            GLOBAL            ABS GLOBAL
APPLICATION......int     000800            GLOBAL            ABS GLOBAL
APPLICATION_LOAD.int     000000            GLOBAL            ABS GLOBAL
APPLICATION_RUNN.int     00000C            GLOBAL            ABS GLOBAL
APPL_PARAM.......int     000200            GLOBAL            ABS GLOBAL
AUX1.............int     000004            GLOBAL            ABS GLOBAL
BCR..............int     FFFFFB            GLOBAL            ABS GLOBAL
BDEBUG0..........int   X:00005D            GLOBAL            ABS GLOBAL OVERLAY
BDEBUG1..........int   X:00005E            GLOBAL            ABS GLOBAL OVERLAY
BDEBUG2..........int   X:00005F            GLOBAL            ABS GLOBAL OVERLAY
BDEBUG3..........int   X:000060            GLOBAL            ABS GLOBAL OVERLAY
BDEBUG4..........int   X:000061            GLOBAL            ABS GLOBAL OVERLAY
BDEBUG5..........int   X:000062            GLOBAL            ABS GLOBAL OVERLAY
BDEBUG6..........int   X:000063            GLOBAL            ABS GLOBAL OVERLAY
BDEBUG7..........int   X:000064            GLOBAL            ABS GLOBAL OVERLAY
BDEBUG8..........int   X:000065            GLOBAL            ABS GLOBAL OVERLAY
BDEBUG9..........int   X:000066            GLOBAL            ABS GLOBAL OVERLAY
BLOCK_CHECK......int   P:0005B0            GLOBAL            ABS GLOBAL OVERLAY
BLOCK_CON........int   P:0003EE            GLOBAL            ABS GLOBAL OVERLAY
BLOCK_DONE.......int   P:0005C2            GLOBAL            ABS GLOBAL OVERLAY
BLOCK_OK.........int   P:0005BD            GLOBAL            ABS GLOBAL OVERLAY
BLOCK_PCI........int   P:000599            GLOBAL            ABS GLOBAL OVERLAY
BLOCK_RESTART....int   P:0005C3            GLOBAL            ABS GLOBAL OVERLAY
BLOCK_RESUME.....int   P:0005C4            GLOBAL            ABS GLOBAL OVERLAY
BLOCK_RESUME1....int   P:0005CA            GLOBAL            ABS GLOBAL OVERLAY
BLOCK_SIZE.......int   X:000042            GLOBAL            ABS GLOBAL OVERLAY
BLOCK_TRANSFER...int   P:00057B            GLOBAL            ABS GLOBAL OVERLAY
BLOCK_TRANSFER1..int   P:000586            GLOBAL            ABS GLOBAL OVERLAY
BLOCK_UPDATE.....int   P:0005D6            GLOBAL            ABS GLOBAL OVERLAY
BOOTCODE_END.....int   P:000652            GLOBAL            ABS GLOBAL OVERLAY
BOOTEND_ADDR.....int     000652            GLOBAL            ABS GLOBAL OVERLAY
BUFFER_INCR......int   P:0005FF            GLOBAL            ABS GLOBAL OVERLAY
BUFFER_INFORM....int   P:00062A            GLOBAL            ABS GLOBAL OVERLAY
BUFFER_INFORM_CH.int   P:00061D            GLOBAL            ABS GLOBAL OVERLAY
BUFFER_INFORM_OK.int   P:000627            GLOBAL            ABS GLOBAL OVERLAY
BUFFER_PACKET_DA.int   P:0001BC            GLOBAL            ABS GLOBAL OVERLAY
BUFFER_PACKET_DO.int   P:000265            GLOBAL            ABS GLOBAL OVERLAY
BUFFER_PACKET_DR.int   P:000266            GLOBAL            ABS GLOBAL OVERLAY
BUFFER_PACKET_HA.int   P:000248            GLOBAL            ABS GLOBAL OVERLAY
BUFFER_PACKET_MA.int   P:00025E            GLOBAL            ABS GLOBAL OVERLAY
BUFFER_PACKET_RP.int   P:0001BA            GLOBAL            ABS GLOBAL OVERLAY
BUFFER_PACKET_SE.int   P:000255            GLOBAL            ABS GLOBAL OVERLAY
BUFFER_PACKET_SI.int   P:00024F            GLOBAL            ABS GLOBAL OVERLAY
BUFFER_RESET.....int   P:000611            GLOBAL            ABS GLOBAL OVERLAY
BURST_DEST_HI....int   X:000045            GLOBAL            ABS GLOBAL OVERLAY
BURST_DEST_LO....int   X:000044            GLOBAL            ABS GLOBAL OVERLAY
BURST_SIZE.......int   X:000043            GLOBAL            ABS GLOBAL OVERLAY
BURST_SRC........int   X:000046            GLOBAL            ABS GLOBAL OVERLAY
BYTE_SWAP........int     000005            GLOBAL            ABS GLOBAL
CALC_NO_BUFFS....int   P:000448            GLOBAL            ABS GLOBAL OVERLAY
CHECK_WD.........int   P:000187            GLOBAL            ABS GLOBAL OVERLAY



DSP Linker  Version 6.3.7   107-12-03  14:43:05  build.map  Page 3


CHK_FIFO.........int   P:000184            GLOBAL            ABS GLOBAL OVERLAY
CLEAN_UP_PCI.....int   P:0003C4            GLOBAL            ABS GLOBAL OVERLAY
CLEAR_FIFO.......int   P:000517            GLOBAL            ABS GLOBAL OVERLAY
CLR0.............int   P:000147            GLOBAL            ABS GLOBAL OVERLAY
CLR1.............int   P:00014C            GLOBAL            ABS GLOBAL OVERLAY
CLRT.............int     00000E            GLOBAL            ABS GLOBAL
CLR_CMD..........int   P:0003E6            GLOBAL            ABS GLOBAL OVERLAY
CLR_FO_RTS.......int   P:00048D            GLOBAL            ABS GLOBAL OVERLAY
CONSTORE.........int   X:000041            GLOBAL            ABS GLOBAL OVERLAY
CON_ERROR........int   P:00040B            GLOBAL            ABS GLOBAL OVERLAY
CRA0.............int     FFFFB5            GLOBAL            ABS GLOBAL
CRB0.............int     FFFFB6            GLOBAL            ABS GLOBAL
DATA_DLY.........int     000007            GLOBAL            ABS GLOBAL
DATA_DLY_VAL.....int   X:000040            GLOBAL            ABS GLOBAL OVERLAY
DATA_WD..........int   X:00003A            GLOBAL            ABS GLOBAL OVERLAY
DCO0.............int     FFFFED            GLOBAL            ABS GLOBAL
DCR..............int     FFFFFA            GLOBAL            ABS GLOBAL
DCR0.............int     FFFFEC            GLOBAL            ABS GLOBAL
DCTR.............int     FFFFC5            GLOBAL            ABS GLOBAL
DCTR_HF3.........int     000003            GLOBAL            ABS GLOBAL
DCTR_HF4.........int     000004            GLOBAL            ABS GLOBAL
DCTR_HF5.........int     000005            GLOBAL            ABS GLOBAL
DDR0.............int     FFFFEE            GLOBAL            ABS GLOBAL
DEBUG............int     000007            GLOBAL            ABS GLOBAL
DMA_ERRORS.......int   X:000047            GLOBAL            ABS GLOBAL OVERLAY
DPAR.............int     FFFFC8            GLOBAL            ABS GLOBAL
DPCR.............int     FFFFC6            GLOBAL            ABS GLOBAL
DPER.............int     000006            GLOBAL            ABS GLOBAL
DPMC.............int     FFFFC7            GLOBAL            ABS GLOBAL
DPSR.............int     FFFFCA            GLOBAL            ABS GLOBAL
DRXR.............int     FFFFCB            GLOBAL            ABS GLOBAL
DRXR_WD1.........int   X:000008            GLOBAL            ABS GLOBAL OVERLAY
DRXR_WD2.........int   X:000009            GLOBAL            ABS GLOBAL OVERLAY
DRXR_WD3.........int   X:00000A            GLOBAL            ABS GLOBAL OVERLAY
DRXR_WD4.........int   X:00000B            GLOBAL            ABS GLOBAL OVERLAY
DSR..............int     FFFFC9            GLOBAL            ABS GLOBAL
DSR0.............int     FFFFEF            GLOBAL            ABS GLOBAL
DSR_BUF0.........int     000004            GLOBAL            ABS GLOBAL
DSR_BUF1.........int     000005            GLOBAL            ABS GLOBAL
DTXM.............int     FFFFCC            GLOBAL            ABS GLOBAL
DTXS.............int     FFFFCD            GLOBAL            ABS GLOBAL
DTXS_WD1.........int   X:00000C            GLOBAL            ABS GLOBAL OVERLAY
DTXS_WD2.........int   X:00000D            GLOBAL            ABS GLOBAL OVERLAY
DTXS_WD3.........int   X:00000E            GLOBAL            ABS GLOBAL OVERLAY
DTXS_WD4.........int   X:00000F            GLOBAL            ABS GLOBAL OVERLAY
DUMP_BUFF........int     001000            GLOBAL            ABS GLOBAL
DUMP_FIFO........int   P:000220            GLOBAL            ABS GLOBAL OVERLAY
EC_APER..........int   X:00004E            GLOBAL            ABS GLOBAL OVERLAY
EC_DPER..........int   X:00004D            GLOBAL            ABS GLOBAL OVERLAY
EC_MAB...........int   X:00004C            GLOBAL            ABS GLOBAL OVERLAY
EC_TAB...........int   X:00004B            GLOBAL            ABS GLOBAL OVERLAY
EC_TDIS..........int   X:00004A            GLOBAL            ABS GLOBAL OVERLAY
EC_TO............int   X:000049            GLOBAL            ABS GLOBAL OVERLAY
EC_TRTY..........int   X:000048            GLOBAL            ABS GLOBAL OVERLAY
EF...............int     000000            GLOBAL            ABS GLOBAL
END_ADR..........int   P:000812            GLOBAL            ABS GLOBAL OVERLAY
END_BLOCK_CON....int   P:0003F9            GLOBAL            ABS GLOBAL OVERLAY
END_CLR_CMD......int   P:0003EA            GLOBAL            ABS GLOBAL OVERLAY
ERROR_APER.......int   P:000571            GLOBAL            ABS GLOBAL OVERLAY
ERROR_DPER.......int   P:000567            GLOBAL            ABS GLOBAL OVERLAY



DSP Linker  Version 6.3.7   107-12-03  14:43:05  build.map  Page 4


ERROR_MAB........int   P:00055D            GLOBAL            ABS GLOBAL OVERLAY
ERROR_TAB........int   P:000553            GLOBAL            ABS GLOBAL OVERLAY
ERROR_TDIS.......int   P:000549            GLOBAL            ABS GLOBAL OVERLAY
ERROR_TO.........int   P:00053F            GLOBAL            ABS GLOBAL OVERLAY
ERROR_TRTY.......int   P:000535            GLOBAL            ABS GLOBAL OVERLAY
FATALITY_HANDLER.int   P:000283            GLOBAL            ABS GLOBAL OVERLAY
FATAL_ERROR......int     000002            GLOBAL            ABS GLOBAL
FC0..............int     000016            GLOBAL            ABS GLOBAL
FC1..............int     000017            GLOBAL            ABS GLOBAL
FIFO_EMPTY.......int   P:000231            GLOBAL            ABS GLOBAL OVERLAY
FINISH_CON.......int   P:0003FC            GLOBAL            ABS GLOBAL OVERLAY
FINISH_RST.......int   P:00042D            GLOBAL            ABS GLOBAL OVERLAY
FLUSH_PCI_FIFO...int   P:000510            GLOBAL            ABS GLOBAL OVERLAY
FOUR.............int   X:000035            GLOBAL            ABS GLOBAL OVERLAY
FO_EMPTY.........int     000003            GLOBAL            ABS GLOBAL
FO_OVER..........int     000004            GLOBAL            ABS GLOBAL
FO_RX_ER.........int     000006            GLOBAL            ABS GLOBAL
FO_UNDER.........int     000005            GLOBAL            ABS GLOBAL
FO_WRD_RCV.......int     000003            GLOBAL            ABS GLOBAL
FRAME_COUNT......int   X:000001            GLOBAL            ABS GLOBAL OVERLAY
FSYNC............int     000003            GLOBAL            ABS GLOBAL
GET_DAT..........int   P:0004D1            GLOBAL            ABS GLOBAL OVERLAY
GET_FO_WRD.......int   P:000477            GLOBAL            ABS GLOBAL OVERLAY
HACT.............int     000017            GLOBAL            ABS GLOBAL
HEAD_W1_0........int   X:00001D            GLOBAL            ABS GLOBAL OVERLAY
HEAD_W1_1........int   X:00001C            GLOBAL            ABS GLOBAL OVERLAY
HEAD_W2_0........int   X:00001F            GLOBAL            ABS GLOBAL OVERLAY
HEAD_W2_1........int   X:00001E            GLOBAL            ABS GLOBAL OVERLAY
HEAD_W3_0........int   X:000021            GLOBAL            ABS GLOBAL OVERLAY
HEAD_W3_1........int   X:000020            GLOBAL            ABS GLOBAL OVERLAY
HEAD_W4_0........int   X:000023            GLOBAL            ABS GLOBAL OVERLAY
HEAD_W4_1........int   X:000022            GLOBAL            ABS GLOBAL OVERLAY
HF...............int     000001            GLOBAL            ABS GLOBAL
HF_FIFO..........int     000200            GLOBAL            ABS GLOBAL
HST_ACK_REP......int   P:000212            GLOBAL            ABS GLOBAL OVERLAY
HST_NFYD.........int     000009            GLOBAL            ABS GLOBAL
IAE..............int     000015            GLOBAL            ABS GLOBAL
IMAGE_BUFFER.....int     000000            GLOBAL            ABS GLOBAL
INFORM_EXIT......int   P:000640            GLOBAL            ABS GLOBAL OVERLAY
INIT.............int   P:000000            GLOBAL            ABS GLOBAL OVERLAY
INIT_PCI.........int   P:000030            GLOBAL            ABS GLOBAL OVERLAY
INTA.............int     000006            GLOBAL            ABS GLOBAL
INTERNAL_GO......int     00000D            GLOBAL            ABS GLOBAL
IPRC.............int     FFFFFF            GLOBAL            ABS GLOBAL
IPRP.............int     FFFFFE            GLOBAL            ABS GLOBAL
LEFT_OVERS.......int   P:0001FF            GLOBAL            ABS GLOBAL OVERLAY
LEFT_OVERS_READ..int   P:00020A            GLOBAL            ABS GLOBAL OVERLAY
LEFT_TO_READ.....int   X:00003D            GLOBAL            ABS GLOBAL OVERLAY
LEFT_TO_WRITE....int   X:00003E            GLOBAL            ABS GLOBAL OVERLAY
LOAD_HILO_ADDRES.int   P:000641            GLOBAL            ABS GLOBAL OVERLAY
L_BUFFER.........int   P:0001F0            GLOBAL            ABS GLOBAL OVERLAY
L_DELAY..........int   P:00034B            GLOBAL            ABS GLOBAL OVERLAY
L_RDFIFO.........int   P:00034A            GLOBAL            ABS GLOBAL OVERLAY
MAB..............int     000007            GLOBAL            ABS GLOBAL
MACE.............int     000012            GLOBAL            ABS GLOBAL
MARQ.............int     000004            GLOBAL            ABS GLOBAL
MAX_DUMP.........int     000200            GLOBAL            ABS GLOBAL
MCE_PACKET.......int   P:0001D1            GLOBAL            ABS GLOBAL OVERLAY
MDT..............int     00000E            GLOBAL            ABS GLOBAL
MRRQ.............int     000002            GLOBAL            ABS GLOBAL



DSP Linker  Version 6.3.7   107-12-03  14:43:05  build.map  Page 5


MTRQ.............int     000001            GLOBAL            ABS GLOBAL
NEXT_DUMP........int   P:000226            GLOBAL            ABS GLOBAL OVERLAY
NUM_DUMPED.......int   X:000007            GLOBAL            ABS GLOBAL OVERLAY
NUM_LEFTOVER_BLO.int   X:00003F            GLOBAL            ABS GLOBAL OVERLAY
ONE..............int   X:000034            GLOBAL            ABS GLOBAL OVERLAY
PACKET_CHOKE.....int     000008            GLOBAL            ABS GLOBAL
PACKET_DELAY.....int   P:0001C8            GLOBAL            ABS GLOBAL OVERLAY
PACKET_IN........int   P:000175            GLOBAL            ABS GLOBAL OVERLAY
PACKET_INFO......int   P:0001A6            GLOBAL            ABS GLOBAL OVERLAY
PACKET_SIZE_HIH..int   X:000037            GLOBAL            ABS GLOBAL OVERLAY
PACKET_SIZE_LOW..int   X:000036            GLOBAL            ABS GLOBAL OVERLAY
PCIDMA_RESTART...int     00000E            GLOBAL            ABS GLOBAL
PCIDMA_RESUME....int     00000F            GLOBAL            ABS GLOBAL
PCIDMA_RETRY.....int     000010            GLOBAL            ABS GLOBAL
PCI_BURST_NOW....int   P:000505            GLOBAL            ABS GLOBAL OVERLAY
PCI_BURST_SIZE...int   X:00005B            GLOBAL            ABS GLOBAL OVERLAY
PCI_ERROR_CLEAR..int   P:000521            GLOBAL            ABS GLOBAL OVERLAY
PCI_MESSAGE_TO_H.int   P:00048F            GLOBAL            ABS GLOBAL OVERLAY
PCI_MESSAGE_TO_H.int   P:000493            GLOBAL            ABS GLOBAL OVERLAY
PCI_WD1_1........int   X:000010            GLOBAL            ABS GLOBAL OVERLAY
PCI_WD1_2........int   X:000011            GLOBAL            ABS GLOBAL OVERLAY
PCI_WD2_1........int   X:000012            GLOBAL            ABS GLOBAL OVERLAY
PCI_WD2_2........int   X:000013            GLOBAL            ABS GLOBAL OVERLAY
PCI_WD3_1........int   X:000014            GLOBAL            ABS GLOBAL OVERLAY
PCI_WD3_2........int   X:000015            GLOBAL            ABS GLOBAL OVERLAY
PCI_WD4_1........int   X:000016            GLOBAL            ABS GLOBAL OVERLAY
PCI_WD4_2........int   X:000017            GLOBAL            ABS GLOBAL OVERLAY
PCI_WD5_1........int   X:000018            GLOBAL            ABS GLOBAL OVERLAY
PCI_WD5_2........int   X:000019            GLOBAL            ABS GLOBAL OVERLAY
PCI_WD6_1........int   X:00001A            GLOBAL            ABS GLOBAL OVERLAY
PCI_WD6_2........int   X:00001B            GLOBAL            ABS GLOBAL OVERLAY
PCRC.............int     FFFFBF            GLOBAL            ABS GLOBAL
PCRD.............int     FFFFAF            GLOBAL            ABS GLOBAL
PCRE.............int     FFFF9F            GLOBAL            ABS GLOBAL
PCTL.............int     FFFFFD            GLOBAL            ABS GLOBAL
PDRC.............int     FFFFBD            GLOBAL            ABS GLOBAL
PDRD.............int     FFFFAD            GLOBAL            ABS GLOBAL
PDRE.............int     FFFF9D            GLOBAL            ABS GLOBAL
PEND_ADDR........int     000652            GLOBAL            ABS GLOBAL OVERLAY
PLL_INIT.........int     050003            GLOBAL            ABS GLOBAL
PREAMB1..........int   X:000038            GLOBAL            ABS GLOBAL OVERLAY
PREAMB2..........int   X:000039            GLOBAL            ABS GLOBAL OVERLAY
PREAMBLE_ERROR...int     000006            GLOBAL            ABS GLOBAL
PRE_CORRUPT......int   X:000002            GLOBAL            ABS GLOBAL OVERLAY
PRE_ERROR........int   P:0001A1            GLOBAL            ABS GLOBAL OVERLAY
PROGRAM_END......int   P:000652            GLOBAL            ABS GLOBAL OVERLAY
PRRC.............int     FFFFBE            GLOBAL            ABS GLOBAL
PRRD.............int     FFFFAE            GLOBAL            ABS GLOBAL
PRRE.............int     FFFF9E            GLOBAL            ABS GLOBAL
P_CHECKSUM.......int   X:000005            GLOBAL            ABS GLOBAL OVERLAY
P_MEM_ER.........int     000002            GLOBAL            ABS GLOBAL
QT_BASE_HI.......int   X:000050            GLOBAL            ABS GLOBAL OVERLAY
QT_BASE_LO.......int   X:00004F            GLOBAL            ABS GLOBAL OVERLAY
QT_BUF_HEAD......int   X:000055            GLOBAL            ABS GLOBAL OVERLAY
QT_BUF_MAX.......int   X:000052            GLOBAL            ABS GLOBAL OVERLAY
QT_BUF_SIZE......int   X:000051            GLOBAL            ABS GLOBAL OVERLAY
QT_BUF_TAIL......int   X:000056            GLOBAL            ABS GLOBAL OVERLAY
QT_DATA_PACKET...int   P:000285            GLOBAL            ABS GLOBAL OVERLAY
QT_DEST_HI.......int   X:000058            GLOBAL            ABS GLOBAL OVERLAY
QT_DEST_LO.......int   X:000057            GLOBAL            ABS GLOBAL OVERLAY



DSP Linker  Version 6.3.7   107-12-03  14:43:05  build.map  Page 6


QT_DROPS.........int   X:00005A            GLOBAL            ABS GLOBAL OVERLAY
QT_ENABLED.......int     000011            GLOBAL            ABS GLOBAL
QT_FLUSH.........int     000012            GLOBAL            ABS GLOBAL
QT_FRAME_SIZE....int   X:000053            GLOBAL            ABS GLOBAL OVERLAY
QT_FSIZE_ERROR...int   P:000284            GLOBAL            ABS GLOBAL OVERLAY
QT_INFORM........int   X:000054            GLOBAL            ABS GLOBAL OVERLAY
QT_INFORM_IDX....int   X:000059            GLOBAL            ABS GLOBAL OVERLAY
QT_NEW_GRANT.....int     000013            GLOBAL            ABS GLOBAL
QT_PTYPE_ERROR...int   P:000284            GLOBAL            ABS GLOBAL OVERLAY
QUIET_TRANSFER_N.int   P:000234            GLOBAL            ABS GLOBAL OVERLAY
QUIET_TRANSFER_S.int   P:00034F            GLOBAL            ABS GLOBAL OVERLAY
QUIET_TRANSFER_S.int   P:0003B3            GLOBAL            ABS GLOBAL OVERLAY
QUIET_TRANSFER_S.int   P:0003A2            GLOBAL            ABS GLOBAL OVERLAY
QUIET_TRANSFER_S.int   P:00039A            GLOBAL            ABS GLOBAL OVERLAY
QUIET_TRANSFER_S.int   P:0003B1            GLOBAL            ABS GLOBAL OVERLAY
RDFIFO...........int     FFFFFF            GLOBAL            ABS GLOBAL
RD_DRXR..........int   P:0004AA            GLOBAL            ABS GLOBAL OVERLAY
RD_FO_WD.........int   P:000485            GLOBAL            ABS GLOBAL OVERLAY
RD_PCI...........int   P:0004C8            GLOBAL            ABS GLOBAL OVERLAY
READ_BLOCKS......int   P:0001FF            GLOBAL            ABS GLOBAL OVERLAY
READ_BUFFS_END...int   P:0001F1            GLOBAL            ABS GLOBAL OVERLAY
READ_FROM_PCI....int   P:0004B7            GLOBAL            ABS GLOBAL OVERLAY
READ_MEMORY......int   P:0002D1            GLOBAL            ABS GLOBAL OVERLAY
READ_MEMORY_P....int   P:0002FA            GLOBAL            ABS GLOBAL OVERLAY
READ_MEMORY_X....int   P:0002F6            GLOBAL            ABS GLOBAL OVERLAY
READ_MEMORY_XYP..int   P:0002E3            GLOBAL            ABS GLOBAL OVERLAY
READ_MEMORY_Y....int   P:0002F8            GLOBAL            ABS GLOBAL OVERLAY
REPLY_WD.........int   X:00003B            GLOBAL            ABS GLOBAL OVERLAY
REP_WD1..........int   X:000024            GLOBAL            ABS GLOBAL OVERLAY
REP_WD2..........int   X:000025            GLOBAL            ABS GLOBAL OVERLAY
REP_WD3..........int   X:000026            GLOBAL            ABS GLOBAL OVERLAY
REP_WD4..........int   X:000027            GLOBAL            ABS GLOBAL OVERLAY
RESET_CONTROLLER.int   P:000331            GLOBAL            ABS GLOBAL OVERLAY
RESTORE_REGISTER.int   P:0004D7            GLOBAL            ABS GLOBAL OVERLAY
REV_DATA.........int   X:000004            GLOBAL            ABS GLOBAL OVERLAY
REV_NUMBER.......int   X:000003            GLOBAL            ABS GLOBAL OVERLAY
ROM_FIFO.........int     000002            GLOBAL            ABS GLOBAL
RS...............int     000002            GLOBAL            ABS GLOBAL
SAVE_HILO_ADDRES.int   P:000649            GLOBAL            ABS GLOBAL OVERLAY
SAVE_REGISTERS...int   P:0004E3            GLOBAL            ABS GLOBAL OVERLAY
SB_SPARE1........int     00000A            GLOBAL            ABS GLOBAL
SB_SPARE2........int     00000B            GLOBAL            ABS GLOBAL
SCLK.............int     000002            GLOBAL            ABS GLOBAL
SEND_PACKET_TO_C.int   P:0003D0            GLOBAL            ABS GLOBAL OVERLAY
SEND_PACKET_TO_H.int   P:00041A            GLOBAL            ABS GLOBAL OVERLAY
SEND_TO_HOST.....int     000001            GLOBAL            ABS GLOBAL
SET_PACKET_DELAY.int   P:0003EC            GLOBAL            ABS GLOBAL OVERLAY
SMALL_BLK........int     000020            GLOBAL            ABS GLOBAL
SOFTWARE_RESET...int   P:000427            GLOBAL            ABS GLOBAL OVERLAY
SRRQ.............int     000002            GLOBAL            ABS GLOBAL
SSISR0...........int     FFFFB7            GLOBAL            ABS GLOBAL
START............int   P:000100            GLOBAL            ABS GLOBAL OVERLAY
START_APPLICATIO.int   P:00031D            GLOBAL            ABS GLOBAL OVERLAY
STATUS...........int   X:000000            GLOBAL            ABS GLOBAL OVERLAY
STOP_APPLICATION.int   P:000326            GLOBAL            ABS GLOBAL OVERLAY
STRQ.............int     000001            GLOBAL            ABS GLOBAL
SV_A0............int   X:000028            GLOBAL            ABS GLOBAL OVERLAY
SV_A1............int   X:000029            GLOBAL            ABS GLOBAL OVERLAY
SV_A2............int   X:00002A            GLOBAL            ABS GLOBAL OVERLAY
SV_B0............int   X:00002B            GLOBAL            ABS GLOBAL OVERLAY



DSP Linker  Version 6.3.7   107-12-03  14:43:05  build.map  Page 7


SV_B1............int   X:00002C            GLOBAL            ABS GLOBAL OVERLAY
SV_B2............int   X:00002D            GLOBAL            ABS GLOBAL OVERLAY
SV_SR............int   X:000032            GLOBAL            ABS GLOBAL OVERLAY
SV_X0............int   X:00002E            GLOBAL            ABS GLOBAL OVERLAY
SV_X1............int   X:00002F            GLOBAL            ABS GLOBAL OVERLAY
SV_Y0............int   X:000030            GLOBAL            ABS GLOBAL OVERLAY
SV_Y1............int   X:000031            GLOBAL            ABS GLOBAL OVERLAY
SYSTEM_RESET.....int   P:0003BA            GLOBAL            ABS GLOBAL OVERLAY
S_BUFFER.........int   P:0001FE            GLOBAL            ABS GLOBAL OVERLAY
TAB..............int     000008            GLOBAL            ABS GLOBAL
TCF..............int     000015            GLOBAL            ABS GLOBAL
TCIE.............int     000002            GLOBAL            ABS GLOBAL
TCPR0............int     FFFF8D            GLOBAL            ABS GLOBAL
TCPR1............int     FFFF89            GLOBAL            ABS GLOBAL
TCPR2............int     FFFF85            GLOBAL            ABS GLOBAL
TCR0.............int     FFFF8C            GLOBAL            ABS GLOBAL
TCR1.............int     FFFF88            GLOBAL            ABS GLOBAL
TCR2.............int     FFFF84            GLOBAL            ABS GLOBAL
TCSR0............int     FFFF8F            GLOBAL            ABS GLOBAL
TCSR1............int     FFFF8B            GLOBAL            ABS GLOBAL
TCSR2............int     FFFF87            GLOBAL            ABS GLOBAL
TDE..............int     000006            GLOBAL            ABS GLOBAL
TDIS.............int     000009            GLOBAL            ABS GLOBAL
TE...............int     000000            GLOBAL            ABS GLOBAL
TEMP_PSIZE.......int   X:00005C            GLOBAL            ABS GLOBAL OVERLAY
TIMER_ACTION.....int   P:0005F1            GLOBAL            ABS GLOBAL OVERLAY
TIMER_ACTION_OK..int   P:0005FE            GLOBAL            ABS GLOBAL OVERLAY
TIMER_DISABLE....int   P:0005EB            GLOBAL            ABS GLOBAL OVERLAY
TIMER_ENABLE.....int   P:0005E5            GLOBAL            ABS GLOBAL OVERLAY
TLR0.............int     FFFF8E            GLOBAL            ABS GLOBAL
TLR1.............int     FFFF8A            GLOBAL            ABS GLOBAL
TLR2.............int     FFFF86            GLOBAL            ABS GLOBAL
TO...............int     00000B            GLOBAL            ABS GLOBAL
TOF..............int     000014            GLOBAL            ABS GLOBAL
TOIE.............int     000001            GLOBAL            ABS GLOBAL
TOTAL_BUFFS......int   X:00003C            GLOBAL            ABS GLOBAL OVERLAY
TRANSFER_FIFO_DO.int   P:000282            GLOBAL            ABS GLOBAL OVERLAY
TRANSFER_FIFO_HA.int   P:00027F            GLOBAL            ABS GLOBAL OVERLAY
TRANSFER_FIFO_SI.int   P:000281            GLOBAL            ABS GLOBAL OVERLAY
TRTY.............int     00000A            GLOBAL            ABS GLOBAL
TX00.............int     FFFFBC            GLOBAL            ABS GLOBAL
VAR_TBL..........int     000000            GLOBAL            ABS GLOBAL
VAR_TBL_END......int   P:0006B9            GLOBAL            ABS GLOBAL OVERLAY
VAR_TBL_LENGTH...int     000067            GLOBAL            ABS GLOBAL OVERLAY
VAR_TBL_START....int   P:000652            GLOBAL            ABS GLOBAL OVERLAY
VCOM_CHECK.......int   P:0002B0            GLOBAL            ABS GLOBAL OVERLAY
VCOM_EXIT........int   P:0002CC            GLOBAL            ABS GLOBAL OVERLAY
VCOM_EXIT_ERROR_.int   P:0002C5            GLOBAL            ABS GLOBAL OVERLAY
VCOM_EXIT_X0.....int   P:0002CA            GLOBAL            ABS GLOBAL OVERLAY
VCOM_INTRO.......int   P:0002BF            GLOBAL            ABS GLOBAL OVERLAY
VCOM_PREPARE_REP.int   P:0002A2            GLOBAL            ABS GLOBAL OVERLAY
VCOM_RTS.........int   P:0002BE            GLOBAL            ABS GLOBAL OVERLAY
WAIT_1...........int   P:0001F5            GLOBAL            ABS GLOBAL OVERLAY
WAIT_2...........int   P:000201            GLOBAL            ABS GLOBAL OVERLAY
WAIT_BUFF........int   P:0001E5            GLOBAL            ABS GLOBAL OVERLAY
WAIT_FIFO_HALF...int   P:00026D            GLOBAL            ABS GLOBAL OVERLAY
WAIT_FIFO_SINGLE.int   P:000276            GLOBAL            ABS GLOBAL OVERLAY
WORD_COUNT.......int   X:000006            GLOBAL            ABS GLOBAL OVERLAY
WRFIFO...........int     000005            GLOBAL            ABS GLOBAL
WRITE_MEMORY.....int   P:0002FC            GLOBAL            ABS GLOBAL OVERLAY



DSP Linker  Version 6.3.7   107-12-03  14:43:05  build.map  Page 8


WRITE_MEMORY_P...int   P:00031B            GLOBAL            ABS GLOBAL OVERLAY
WRITE_MEMORY_X...int   P:000317            GLOBAL            ABS GLOBAL OVERLAY
WRITE_MEMORY_Y...int   P:000319            GLOBAL            ABS GLOBAL OVERLAY
WRT_ADD..........int   P:0004C6            GLOBAL            ABS GLOBAL OVERLAY
WT_FIFO..........int   P:00047F            GLOBAL            ABS GLOBAL OVERLAY
WT_HOST..........int   P:00020A            GLOBAL            ABS GLOBAL OVERLAY
XMT_WD_FIBRE.....int   P:0004EF            GLOBAL            ABS GLOBAL OVERLAY
X_MEM_ER.........int     000001            GLOBAL            ABS GLOBAL
X_WRITE..........int   P:000159            GLOBAL            ABS GLOBAL OVERLAY
Y_MEM_ER.........int     000000            GLOBAL            ABS GLOBAL
ZERO.............int   X:000033            GLOBAL            ABS GLOBAL OVERLAY



                          Symbol Listing by Value


Value             Name              Value             Name              Value             Name              
FFFF84            TCR2              FFFF85            TCPR2             FFFF86            TLR2
FFFF87            TCSR2             FFFF88            TCR1              FFFF89            TCPR1
FFFF8A            TLR1              FFFF8B            TCSR1             FFFF8C            TCR0
FFFF8D            TCPR0             FFFF8E            TLR0              FFFF8F            TCSR0
FFFF9D            PDRE              FFFF9E            PRRE              FFFF9F            PCRE
FFFFAD            PDRD              FFFFAE            PRRD              FFFFAF            PCRD
FFFFB5            CRA0              FFFFB6            CRB0              FFFFB7            SSISR0
FFFFBC            TX00              FFFFBD            PDRC              FFFFBE            PRRC
FFFFBF            PCRC              FFFFC5            DCTR              FFFFC6            DPCR
FFFFC7            DPMC              FFFFC8            DPAR              FFFFC9            DSR
FFFFCA            DPSR              FFFFCB            DRXR              FFFFCC            DTXM
FFFFCD            DTXS              FFFFEC            DCR0              FFFFED            DCO0
FFFFEE            DDR0              FFFFEF            DSR0              FFFFF6            AAR3
FFFFF7            AAR2              FFFFF8            AAR1              FFFFF9            AAR0
FFFFFA            DCR               FFFFFB            BCR               FFFFFD            PCTL
FFFFFE            IPRP              FFFFFF            IPRC              FFFFFF            RDFIFO
000000            APPLICATION_LOAD  000000            EF                000000            IMAGE_BUFFER
000000            INIT              000000            STATUS            000000            TE
000000            VAR_TBL           000000            Y_MEM_ER          000001            FRAME_COUNT
000001            HF                000001            MTRQ              000001            SEND_TO_HOST
000001            STRQ              000001            TOIE              000001            X_MEM_ER
000002            FATAL_ERROR       000002            MRRQ              000002            PRE_CORRUPT
000002            P_MEM_ER          000002            ROM_FIFO          000002            RS
000002            SCLK              000002            SRRQ              000002            TCIE
000003            DCTR_HF3          000003            FO_EMPTY          000003            FO_WRD_RCV
000003            FSYNC             000003            REV_NUMBER        000004            AUX1
000004            DCTR_HF4          000004            DSR_BUF0          000004            FO_OVER
000004            MARQ              000004            REV_DATA          000005            APER
000005            BYTE_SWAP         000005            DCTR_HF5          000005            DSR_BUF1
000005            FO_UNDER          000005            P_CHECKSUM        000005            WRFIFO
000006            DPER              000006            FO_RX_ER          000006            INTA
000006            PREAMBLE_ERROR    000006            TDE               000006            WORD_COUNT
000007            DATA_DLY          000007            DEBUG             000007            MAB
000007            NUM_DUMPED        000008            DRXR_WD1          000008            PACKET_CHOKE
000008            TAB               000009            DRXR_WD2          000009            HST_NFYD
000009            TDIS              00000A            DRXR_WD3          00000A            SB_SPARE1
00000A            TRTY              00000B            DRXR_WD4          00000B            SB_SPARE2
00000B            TO                00000C            APPLICATION_RUNN  00000C            DTXS_WD1
00000D            DTXS_WD2          00000D            INTERNAL_GO       00000E            CLRT
00000E            DTXS_WD3          00000E            MDT               00000E            PCIDMA_RESTART
00000F            DTXS_WD4          00000F            PCIDMA_RESUME     000010            PCIDMA_RETRY
000010            PCI_WD1_1         000011            PCI_WD1_2         000011            QT_ENABLED



DSP Linker  Version 6.3.7   107-12-03  14:43:05  build.map  Page 9


000012            MACE              000012            PCI_WD2_1         000012            QT_FLUSH
000013            PCI_WD2_2         000013            QT_NEW_GRANT      000014            PCI_WD3_1
000014            TOF               000015            IAE               000015            PCI_WD3_2
000015            TCF               000016            FC0               000016            PCI_WD4_1
000017            FC1               000017            HACT              000017            PCI_WD4_2
000018            PCI_WD5_1         000019            PCI_WD5_2         00001A            PCI_WD6_1
00001B            PCI_WD6_2         00001C            HEAD_W1_1         00001D            HEAD_W1_0
00001E            HEAD_W2_1         00001F            HEAD_W2_0         000020            HEAD_W3_1
000020            SMALL_BLK         000021            HEAD_W3_0         000022            HEAD_W4_1
000023            HEAD_W4_0         000024            REP_WD1           000025            REP_WD2
000026            REP_WD3           000027            REP_WD4           000028            SV_A0
000029            SV_A1             00002A            SV_A2             00002B            SV_B0
00002C            SV_B1             00002D            SV_B2             00002E            SV_X0
00002F            SV_X1             000030            INIT_PCI          000030            SV_Y0
000031            SV_Y1             000032            SV_SR             000033            ZERO
000034            ONE               000035            FOUR              000036            PACKET_SIZE_LOW
000037            PACKET_SIZE_HIH   000038            PREAMB1           000039            PREAMB2
00003A            DATA_WD           00003B            REPLY_WD          00003C            TOTAL_BUFFS
00003D            LEFT_TO_READ      00003E            LEFT_TO_WRITE     00003F            NUM_LEFTOVER_BLO
000040            DATA_DLY_VAL      000041            CONSTORE          000042            BLOCK_SIZE
000043            BURST_SIZE        000044            BURST_DEST_LO     000045            BURST_DEST_HI
000046            BURST_SRC         000047            DMA_ERRORS        000048            EC_TRTY
000049            EC_TO             00004A            EC_TDIS           00004B            EC_TAB
00004C            EC_MAB            00004D            EC_DPER           00004E            EC_APER
00004F            QT_BASE_LO        000050            QT_BASE_HI        000051            QT_BUF_SIZE
000052            QT_BUF_MAX        000053            QT_FRAME_SIZE     000054            QT_INFORM
000055            QT_BUF_HEAD       000056            QT_BUF_TAIL       000057            QT_DEST_LO
000058            QT_DEST_HI        000059            QT_INFORM_IDX     00005A            QT_DROPS
00005B            PCI_BURST_SIZE    00005C            TEMP_PSIZE        00005D            BDEBUG0
00005E            BDEBUG1           00005F            BDEBUG2           000060            BDEBUG3
000061            BDEBUG4           000062            BDEBUG5           000063            BDEBUG6
000064            BDEBUG7           000065            BDEBUG8           000066            BDEBUG9
000067            VAR_TBL_LENGTH    000100            START             000147            CLR0
00014C            CLR1              000159            X_WRITE           000175            PACKET_IN
000184            CHK_FIFO          000187            CHECK_WD          0001A1            PRE_ERROR
0001A6            PACKET_INFO       0001BA            BUFFER_PACKET_RP  0001BC            BUFFER_PACKET_DA
0001C8            PACKET_DELAY      0001D1            MCE_PACKET        0001E5            WAIT_BUFF
0001F0            L_BUFFER          0001F1            READ_BUFFS_END    0001F5            WAIT_1
0001FE            S_BUFFER          0001FF            LEFT_OVERS        0001FF            READ_BLOCKS
000200            APPL_PARAM        000200            HF_FIFO           000200            MAX_DUMP
000201            WAIT_2            00020A            LEFT_OVERS_READ   00020A            WT_HOST
000212            HST_ACK_REP       000220            DUMP_FIFO         000226            NEXT_DUMP
000231            FIFO_EMPTY        000234            QUIET_TRANSFER_N  000248            BUFFER_PACKET_HA
00024F            BUFFER_PACKET_SI  000255            BUFFER_PACKET_SE  00025E            BUFFER_PACKET_MA
000265            BUFFER_PACKET_DO  000266            BUFFER_PACKET_DR  00026D            WAIT_FIFO_HALF
000276            WAIT_FIFO_SINGLE  00027F            TRANSFER_FIFO_HA  000281            TRANSFER_FIFO_SI
000282            TRANSFER_FIFO_DO  000283            FATALITY_HANDLER  000284            QT_FSIZE_ERROR
000284            QT_PTYPE_ERROR    000285            QT_DATA_PACKET    0002A2            VCOM_PREPARE_REP
0002B0            VCOM_CHECK        0002BE            VCOM_RTS          0002BF            VCOM_INTRO
0002C5            VCOM_EXIT_ERROR_  0002CA            VCOM_EXIT_X0      0002CC            VCOM_EXIT
0002D1            READ_MEMORY       0002E3            READ_MEMORY_XYP   0002F6            READ_MEMORY_X
0002F8            READ_MEMORY_Y     0002FA            READ_MEMORY_P     0002FC            WRITE_MEMORY
000317            WRITE_MEMORY_X    000319            WRITE_MEMORY_Y    00031B            WRITE_MEMORY_P
00031D            START_APPLICATIO  000326            STOP_APPLICATION  000331            RESET_CONTROLLER
00034A            L_RDFIFO          00034B            L_DELAY           00034F            QUIET_TRANSFER_S
00039A            QUIET_TRANSFER_S  0003A2            QUIET_TRANSFER_S  0003B1            QUIET_TRANSFER_S
0003B3            QUIET_TRANSFER_S  0003BA            SYSTEM_RESET      0003C4            CLEAN_UP_PCI
0003D0            SEND_PACKET_TO_C  0003E6            CLR_CMD           0003EA            END_CLR_CMD
0003EC            SET_PACKET_DELAY  0003EE            BLOCK_CON         0003F9            END_BLOCK_CON
0003FC            FINISH_CON        00040B            CON_ERROR         00041A            SEND_PACKET_TO_H



DSP Linker  Version 6.3.7   107-12-03  14:43:05  build.map  Page 10


000427            SOFTWARE_RESET    00042D            FINISH_RST        000448            CALC_NO_BUFFS
000477            GET_FO_WRD        00047F            WT_FIFO           000485            RD_FO_WD
00048D            CLR_FO_RTS        00048F            PCI_MESSAGE_TO_H  000493            PCI_MESSAGE_TO_H
0004AA            RD_DRXR           0004B7            READ_FROM_PCI     0004C6            WRT_ADD
0004C8            RD_PCI            0004D1            GET_DAT           0004D7            RESTORE_REGISTER
0004E3            SAVE_REGISTERS    0004EF            XMT_WD_FIBRE      000505            PCI_BURST_NOW
000510            FLUSH_PCI_FIFO    000517            CLEAR_FIFO        000521            PCI_ERROR_CLEAR
000535            ERROR_TRTY        00053F            ERROR_TO          000549            ERROR_TDIS
000553            ERROR_TAB         00055D            ERROR_MAB         000567            ERROR_DPER
000571            ERROR_APER        00057B            BLOCK_TRANSFER    000586            BLOCK_TRANSFER1
000599            BLOCK_PCI         0005B0            BLOCK_CHECK       0005BD            BLOCK_OK
0005C2            BLOCK_DONE        0005C3            BLOCK_RESTART     0005C4            BLOCK_RESUME
0005CA            BLOCK_RESUME1     0005D6            BLOCK_UPDATE      0005E5            TIMER_ENABLE
0005EB            TIMER_DISABLE     0005F1            TIMER_ACTION      0005FE            TIMER_ACTION_OK
0005FF            BUFFER_INCR       000611            BUFFER_RESET      00061D            BUFFER_INFORM_CH
000627            BUFFER_INFORM_OK  00062A            BUFFER_INFORM     000640            INFORM_EXIT
000641            LOAD_HILO_ADDRES  000647            ADD_HILO_ADDRESS  000649            SAVE_HILO_ADDRES
000652            BOOTCODE_END      000652            BOOTEND_ADDR      000652            PEND_ADDR
000652            PROGRAM_END       000652            VAR_TBL_START     0006B9            VAR_TBL_END
000800            APPLICATION       000812            END_ADR           001000            DUMP_BUFF
050003            PLL_INIT          


