


DSP Linker  Version 6.3.7   113-05-21  13:28:43  build.map  Page 1


                        Section Link Map by Address


X Memory (0 - default)

Start    End         Length    Section
000000   000097         152    GLOBAL            Abs Ovl
000098   FFFFFF    16777064    UNUSED


P Memory (0 - default)

Start    End         Length    Section
000000   00006A         107    GLOBAL            Abs
000000   000068         105    GLOBAL            Abs Ovl
000000   000001           2    GLOBAL            Abs Ovl
00006B   000071           7    UNUSED
000072   00008D          28    GLOBAL            Abs Ovl
000074   00008F          28    GLOBAL            Abs
000090   0000FF         112    UNUSED
000100   0006AB        1452    GLOBAL            Abs Ovl
000102   000745        1604    GLOBAL            Abs
000746   0007FF         186    UNUSED
000800   000861          98    GLOBAL            Abs Ovl
000802   000863          98    GLOBAL            Abs
000864   0008FF         156    UNUSED
000900   000A00         257    GLOBAL            Abs Ovl
000902   000A02         257    GLOBAL            Abs
000A03   FFFFFF    16774653    UNUSED



                         Section Link Map by Name


Section                Memory       Start     End           Length
GLOBAL           Ovl   X (0)        000000    000097           152
                 Abs   P (0)        000000    00006A           107
                 Ovl   P (0)        000000    000068           105
                 Ovl   P (0)        000000    000001             2
                 Ovl   P (0)        000072    00008D            28
                 Abs   P (0)        000074    00008F            28
                 Ovl   P (0)        000100    0006AB          1452
                 Abs   P (0)        000102    000745          1604
                 Ovl   P (0)        000800    000861            98
                 Abs   P (0)        000802    000863            98
                 Ovl   P (0)        000900    000A00           257
                 Abs   P (0)        000902    000A02           257















DSP Linker  Version 6.3.7   113-05-21  13:28:43  build.map  Page 2


                          Symbol Listing by Name


Name             Type    Value             Section           Attributes
AAR0.............int     FFFFF9            GLOBAL            ABS GLOBAL
AAR1.............int     FFFFF8            GLOBAL            ABS GLOBAL
AAR2.............int     FFFFF7            GLOBAL            ABS GLOBAL
AAR3.............int     FFFFF6            GLOBAL            ABS GLOBAL
ADD_HILO_ADDRESS.int   P:0006A1            GLOBAL            ABS GLOBAL OVERLAY
APER.............int     000005            GLOBAL            ABS GLOBAL
APPLICATION......int     000800            GLOBAL            ABS GLOBAL
APPLICATION_RUNN.int     000000            GLOBAL            ABS GLOBAL OVERLAY
APPL_PARAM.......int     000200            GLOBAL            ABS GLOBAL
AUX1.............int     000004            GLOBAL            ABS GLOBAL
BCR..............int     FFFFFB            GLOBAL            ABS GLOBAL
BDEBUG0..........int   X:00004D            GLOBAL            ABS GLOBAL OVERLAY
BDEBUG1..........int   X:00004E            GLOBAL            ABS GLOBAL OVERLAY
BDEBUG2..........int   X:00004F            GLOBAL            ABS GLOBAL OVERLAY
BLOCK_SIZE.......int   X:00002B            GLOBAL            ABS GLOBAL OVERLAY
BLOCK_TRANSFER...int   P:000518            GLOBAL            ABS GLOBAL OVERLAY
BLOCK_TRANSFER0..int   P:00051E            GLOBAL            ABS GLOBAL OVERLAY
BLOCK_TRANSFER1..int   P:000523            GLOBAL            ABS GLOBAL OVERLAY
BLOCK_TRANSFERX..int   P:000833            GLOBAL            ABS GLOBAL OVERLAY
BLOCK_TRANSFERX0.int   P:000839            GLOBAL            ABS GLOBAL OVERLAY
BLOCK_TRANSFERX1.int   P:00083D            GLOBAL            ABS GLOBAL OVERLAY
BLOCK_TRANSFERX_.int   P:00085A            GLOBAL            ABS GLOBAL OVERLAY
BLOCK_TRANSFERX_.int   P:00084E            GLOBAL            ABS GLOBAL OVERLAY
BLOCK_TRANSFER_H.int   P:000546            GLOBAL            ABS GLOBAL OVERLAY
BLOCK_TRANSFER_P.int   P:000536            GLOBAL            ABS GLOBAL OVERLAY
BOOTCODE_END.....int   P:0006AC            GLOBAL            ABS GLOBAL OVERLAY
BOOTEND_ADDR.....int     0006AC            GLOBAL            ABS GLOBAL OVERLAY
BUFFER_INCR......int   P:000657            GLOBAL            ABS GLOBAL OVERLAY
BUFFER_INFORM....int   P:000682            GLOBAL            ABS GLOBAL OVERLAY
BUFFER_INFORM_CH.int   P:000675            GLOBAL            ABS GLOBAL OVERLAY
BUFFER_INFORM_OK.int   P:00067F            GLOBAL            ABS GLOBAL OVERLAY
BUFFER_PACKET....int   P:0005CB            GLOBAL            ABS GLOBAL OVERLAY
BUFFER_PACKET_DO.int   P:00060C            GLOBAL            ABS GLOBAL OVERLAY
BUFFER_PACKET_HA.int   P:0005F3            GLOBAL            ABS GLOBAL OVERLAY
BUFFER_PACKET_HA.int   P:0005DC            GLOBAL            ABS GLOBAL OVERLAY
BUFFER_PACKET_HA.int   P:0005F7            GLOBAL            ABS GLOBAL OVERLAY
BUFFER_PACKET_SI.int   P:000603            GLOBAL            ABS GLOBAL OVERLAY
BUFFER_PACKET_SI.int   P:0005DE            GLOBAL            ABS GLOBAL OVERLAY
BUFFER_PACKET_SI.int   P:0005EC            GLOBAL            ABS GLOBAL OVERLAY
BUFFER_PACKET_SI.int   P:0005EF            GLOBAL            ABS GLOBAL OVERLAY
BUFFER_PACKET_SI.int   P:0005F2            GLOBAL            ABS GLOBAL OVERLAY
BUFFER_PACKET_SI.int   P:000601            GLOBAL            ABS GLOBAL OVERLAY
BUFFER_PACKET_SI.int   P:0005E5            GLOBAL            ABS GLOBAL OVERLAY
BUFFER_RESET.....int   P:000669            GLOBAL            ABS GLOBAL OVERLAY
BURST_DEST_HI....int   X:000030            GLOBAL            ABS GLOBAL OVERLAY
BURST_DEST_LO....int   X:00002F            GLOBAL            ABS GLOBAL OVERLAY
BURST_SIZE.......int   X:00002A            GLOBAL            ABS GLOBAL OVERLAY
BURST_SRC_HI.....int   X:000032            GLOBAL            ABS GLOBAL OVERLAY
BURST_SRC_LO.....int   X:000031            GLOBAL            ABS GLOBAL OVERLAY
CHECK_FO.........int   P:000470            GLOBAL            ABS GLOBAL OVERLAY
CHECK_FO_CLEAR...int   P:000478            GLOBAL            ABS GLOBAL OVERLAY
CLEAR_FO_FIFO....int   P:0004B4            GLOBAL            ABS GLOBAL OVERLAY
CLR0.............int   P:000148            GLOBAL            ABS GLOBAL OVERLAY
CLR1.............int   P:00014D            GLOBAL            ABS GLOBAL OVERLAY
CLRT.............int     00000E            GLOBAL            ABS GLOBAL
CMD_BUFFER.......int     000100            GLOBAL            ABS GLOBAL OVERLAY



DSP Linker  Version 6.3.7   113-05-21  13:28:43  build.map  Page 3


CMD_READ_CODED...int     000011            GLOBAL            ABS GLOBAL OVERLAY
CMD_READ_P.......int     000001            GLOBAL            ABS GLOBAL OVERLAY
CMD_READ_X.......int     000002            GLOBAL            ABS GLOBAL OVERLAY
CMD_READ_Y.......int     000003            GLOBAL            ABS GLOBAL OVERLAY
CMD_RECV_MCE.....int     000066            GLOBAL            ABS GLOBAL OVERLAY
CMD_SEND_MCE.....int     000021            GLOBAL            ABS GLOBAL OVERLAY
CMD_SEND_STUFF...int     000031            GLOBAL            ABS GLOBAL OVERLAY
CMD_SET_DATA_BUF.int     00000A            GLOBAL            ABS GLOBAL OVERLAY
CMD_SET_REP_BUF..int     000009            GLOBAL            ABS GLOBAL OVERLAY
CMD_SIZE.........int   X:000051            GLOBAL            ABS GLOBAL OVERLAY
CMD_STATUS.......int     000065            GLOBAL            ABS GLOBAL OVERLAY
CMD_WORD.........int   X:000052            GLOBAL            ABS GLOBAL OVERLAY
CMD_WRITE_CODED..int     000012            GLOBAL            ABS GLOBAL OVERLAY
CMD_WRITE_P......int     000005            GLOBAL            ABS GLOBAL OVERLAY
CMD_WRITE_X......int     000006            GLOBAL            ABS GLOBAL OVERLAY
CMD_WRITE_Y......int     000007            GLOBAL            ABS GLOBAL OVERLAY
COMMAND_BUFFER...int     200000            GLOBAL            ABS GLOBAL
COMM_REP.........int     000004            GLOBAL            ABS GLOBAL OVERLAY
CON_BUFFER.......int   P:00026B            GLOBAL            ABS GLOBAL OVERLAY
CON_DEMAND.......int     00000A            GLOBAL            ABS GLOBAL OVERLAY
CON_MCE..........int     00000B            GLOBAL            ABS GLOBAL OVERLAY
CON_SRC_HI.......int   X:00002D            GLOBAL            ABS GLOBAL OVERLAY
CON_SRC_LO.......int   X:00002C            GLOBAL            ABS GLOBAL OVERLAY
CON_TRANSFER.....int   P:000552            GLOBAL            ABS GLOBAL OVERLAY
CON_TRANSFER0....int   P:000558            GLOBAL            ABS GLOBAL OVERLAY
CON_TRANSFER1....int   P:00055D            GLOBAL            ABS GLOBAL OVERLAY
CON_TRANSFER_HAN.int   P:000581            GLOBAL            ABS GLOBAL OVERLAY
CON_TRANSFER_PCI.int   P:000571            GLOBAL            ABS GLOBAL OVERLAY
CON_TRANSMIT.....int   P:000288            GLOBAL            ABS GLOBAL OVERLAY
CON_TRANSMIT1....int   P:000296            GLOBAL            ABS GLOBAL OVERLAY
CRA0.............int     FFFFB5            GLOBAL            ABS GLOBAL
CRB0.............int     FFFFB6            GLOBAL            ABS GLOBAL
DATA_BUS_ADDR....int   X:000055            GLOBAL            ABS GLOBAL OVERLAY
DCO0.............int     FFFFED            GLOBAL            ABS GLOBAL
DCR..............int     FFFFFA            GLOBAL            ABS GLOBAL
DCR0.............int     FFFFEC            GLOBAL            ABS GLOBAL
DCTR.............int     FFFFC5            GLOBAL            ABS GLOBAL
DCTR_HCIE........int     000000            GLOBAL            ABS GLOBAL
DCTR_HF3.........int     000003            GLOBAL            ABS GLOBAL
DCTR_HF4.........int     000004            GLOBAL            ABS GLOBAL
DCTR_HF5.........int     000005            GLOBAL            ABS GLOBAL
DDR0.............int     FFFFEE            GLOBAL            ABS GLOBAL
DEBUG............int     000007            GLOBAL            ABS GLOBAL
DEBUG_DOWN.......int   P:0009FF            GLOBAL            ABS GLOBAL OVERLAY
DEBUG_UP.........int   P:0009FD            GLOBAL            ABS GLOBAL OVERLAY
DMA_ERRORS.......int   X:000034            GLOBAL            ABS GLOBAL OVERLAY
DPAR.............int     FFFFC8            GLOBAL            ABS GLOBAL
DPCR.............int     FFFFC6            GLOBAL            ABS GLOBAL
DPER.............int     000006            GLOBAL            ABS GLOBAL
DPMC.............int     FFFFC7            GLOBAL            ABS GLOBAL
DPSR.............int     FFFFCA            GLOBAL            ABS GLOBAL
DROP_FIFO_DONE...int   P:000621            GLOBAL            ABS GLOBAL OVERLAY
DROP_FIFO_HALF...int   P:00061E            GLOBAL            ABS GLOBAL OVERLAY
DROP_PACKET......int   P:00060E            GLOBAL            ABS GLOBAL OVERLAY
DROP_PACKET_DONE.int   P:00061D            GLOBAL            ABS GLOBAL OVERLAY
DROP_PACKET_SING.int   P:000616            GLOBAL            ABS GLOBAL OVERLAY
DROP_PACKET_SING.int   P:000614            GLOBAL            ABS GLOBAL OVERLAY
DRXR.............int     FFFFCB            GLOBAL            ABS GLOBAL
DRXR_WD1.........int   X:000007            GLOBAL            ABS GLOBAL OVERLAY
DRXR_WD2.........int   X:000008            GLOBAL            ABS GLOBAL OVERLAY



DSP Linker  Version 6.3.7   113-05-21  13:28:43  build.map  Page 4


DRXR_WD3.........int   X:000009            GLOBAL            ABS GLOBAL OVERLAY
DRXR_WD4.........int   X:00000A            GLOBAL            ABS GLOBAL OVERLAY
DSR..............int     FFFFC9            GLOBAL            ABS GLOBAL
DSR0.............int     FFFFEF            GLOBAL            ABS GLOBAL
DSR_HF0..........int     000003            GLOBAL            ABS GLOBAL
DSR_HF1..........int     000004            GLOBAL            ABS GLOBAL
DSR_HF2..........int     000005            GLOBAL            ABS GLOBAL
DTXM.............int     FFFFCC            GLOBAL            ABS GLOBAL
DTXS.............int     FFFFCD            GLOBAL            ABS GLOBAL
DTXS_WD1.........int   X:00000B            GLOBAL            ABS GLOBAL OVERLAY
DTXS_WD2.........int   X:00000C            GLOBAL            ABS GLOBAL OVERLAY
DTXS_WD3.........int   X:00000D            GLOBAL            ABS GLOBAL OVERLAY
DTXS_WD4.........int   X:00000E            GLOBAL            ABS GLOBAL OVERLAY
DUMP_BUFF........int     001000            GLOBAL            ABS GLOBAL
DUMP_FIFO........int   P:0002D5            GLOBAL            ABS GLOBAL OVERLAY
EC_APER..........int   X:00003B            GLOBAL            ABS GLOBAL OVERLAY
EC_DPER..........int   X:00003A            GLOBAL            ABS GLOBAL OVERLAY
EC_MAB...........int   X:000039            GLOBAL            ABS GLOBAL OVERLAY
EC_TAB...........int   X:000038            GLOBAL            ABS GLOBAL OVERLAY
EC_TDIS..........int   X:000037            GLOBAL            ABS GLOBAL OVERLAY
EC_TO............int   X:000036            GLOBAL            ABS GLOBAL OVERLAY
EC_TRTY..........int   X:000035            GLOBAL            ABS GLOBAL OVERLAY
EF...............int     000000            GLOBAL            ABS GLOBAL
END_ADR..........int   P:000A03            GLOBAL            ABS GLOBAL OVERLAY
ERROR_APER.......int   P:00050E            GLOBAL            ABS GLOBAL OVERLAY
ERROR_DPER.......int   P:000504            GLOBAL            ABS GLOBAL OVERLAY
ERROR_MAB........int   P:0004FA            GLOBAL            ABS GLOBAL OVERLAY
ERROR_TAB........int   P:0004F0            GLOBAL            ABS GLOBAL OVERLAY
ERROR_TDIS.......int   P:0004E6            GLOBAL            ABS GLOBAL OVERLAY
ERROR_TO.........int   P:0004DC            GLOBAL            ABS GLOBAL OVERLAY
ERROR_TRTY.......int   P:0004D2            GLOBAL            ABS GLOBAL OVERLAY
FAKE_PACKET......int   P:0009E0            GLOBAL            ABS GLOBAL OVERLAY
FAKE_PACKET_2....int   P:0009FC            GLOBAL            ABS GLOBAL OVERLAY
FATALITY_HANDLER.int   P:00060D            GLOBAL            ABS GLOBAL OVERLAY
FATAL_ERROR......int     000002            GLOBAL            ABS GLOBAL OVERLAY
FC0..............int     000016            GLOBAL            ABS GLOBAL
FC1..............int     000017            GLOBAL            ABS GLOBAL
FIFO_EMPTY.......int   P:0002E6            GLOBAL            ABS GLOBAL OVERLAY
FINISH_RST.......int   P:000451            GLOBAL            ABS GLOBAL OVERLAY
FLUSH_PCI_FIFO...int   P:0004AD            GLOBAL            ABS GLOBAL OVERLAY
FO_EMPTY.........int     000003            GLOBAL            ABS GLOBAL
FO_OVER..........int     000004            GLOBAL            ABS GLOBAL
FO_RX_ER.........int     000006            GLOBAL            ABS GLOBAL
FO_SEND..........int     FFF000            GLOBAL            ABS GLOBAL
FO_UNDER.........int     000005            GLOBAL            ABS GLOBAL
FO_WRD_RCV.......int     000003            GLOBAL            ABS GLOBAL OVERLAY
FRAME_COUNT......int   X:000002            GLOBAL            ABS GLOBAL OVERLAY
FREEZER..........int     000016            GLOBAL            ABS GLOBAL OVERLAY
FSYNC............int     000003            GLOBAL            ABS GLOBAL
HACK_ENTRY.......int   P:000810            GLOBAL            ABS GLOBAL OVERLAY
HACK_EXIT........int   P:000821            GLOBAL            ABS GLOBAL OVERLAY
HACK_INIT........int   P:000812            GLOBAL            ABS GLOBAL OVERLAY
HACK_LOOP........int   P:00081B            GLOBAL            ABS GLOBAL OVERLAY
HACT.............int     000017            GLOBAL            ABS GLOBAL
HANDLE_DA........int   P:00022A            GLOBAL            ABS GLOBAL OVERLAY
HANDLE_DA_DROP...int   P:000266            GLOBAL            ABS GLOBAL OVERLAY
HANDLE_DA_MATH...int   P:000242            GLOBAL            ABS GLOBAL OVERLAY
HANDLE_FIFO......int   P:00018A            GLOBAL            ABS GLOBAL OVERLAY
HANDLE_FIFO_CHEC.int   P:0001A1            GLOBAL            ABS GLOBAL OVERLAY
HANDLE_FIFO_WAIT.int   P:000197            GLOBAL            ABS GLOBAL OVERLAY



DSP Linker  Version 6.3.7   113-05-21  13:28:43  build.map  Page 5


HANDLE_RP........int   P:0001E3            GLOBAL            ABS GLOBAL OVERLAY
HANDLE_RP1.......int   P:000204            GLOBAL            ABS GLOBAL OVERLAY
HANDLE_RP_DROP...int   P:000225            GLOBAL            ABS GLOBAL OVERLAY
HEAD_W1_0........int   X:00001B            GLOBAL            ABS GLOBAL OVERLAY
HEAD_W1_1........int   X:00001C            GLOBAL            ABS GLOBAL OVERLAY
HEAD_W2_0........int   X:00001D            GLOBAL            ABS GLOBAL OVERLAY
HEAD_W2_1........int   X:00001E            GLOBAL            ABS GLOBAL OVERLAY
HEAD_W3_0........int   X:00001F            GLOBAL            ABS GLOBAL OVERLAY
HEAD_W3_1........int   X:000020            GLOBAL            ABS GLOBAL OVERLAY
HEAD_W4_0........int   X:000021            GLOBAL            ABS GLOBAL OVERLAY
HEAD_W4_1........int   X:000022            GLOBAL            ABS GLOBAL OVERLAY
HF...............int     000001            GLOBAL            ABS GLOBAL
HF_FIFO..........int     000200            GLOBAL            ABS GLOBAL
HST_NFYD.........int     000009            GLOBAL            ABS GLOBAL OVERLAY
IAE..............int     000015            GLOBAL            ABS GLOBAL
IMAGE_BUFFER.....int     000000            GLOBAL            ABS GLOBAL
INCR_X_R0........int   P:0001DE            GLOBAL            ABS GLOBAL OVERLAY
INFORM_EXIT......int   P:00069A            GLOBAL            ABS GLOBAL OVERLAY
INIT.............int   P:000000            GLOBAL            ABS GLOBAL OVERLAY
INIT_PCI.........int   P:000030            GLOBAL            ABS GLOBAL OVERLAY
INTA.............int     000006            GLOBAL            ABS GLOBAL
IPRC.............int     FFFFFF            GLOBAL            ABS GLOBAL
IPRP.............int     FFFFFE            GLOBAL            ABS GLOBAL
LEFT_TO_READ.....int   X:000025            GLOBAL            ABS GLOBAL OVERLAY
LOAD_HILO_ADDRES.int   P:00069B            GLOBAL            ABS GLOBAL OVERLAY
L_DELAY..........int   P:000398            GLOBAL            ABS GLOBAL OVERLAY
L_RDFIFO.........int   P:000397            GLOBAL            ABS GLOBAL OVERLAY
MAB..............int     000007            GLOBAL            ABS GLOBAL
MACE.............int     000012            GLOBAL            ABS GLOBAL
MAIN_LOOP_POLL...int     000017            GLOBAL            ABS GLOBAL OVERLAY
MARQ.............int     000004            GLOBAL            ABS GLOBAL
MAX_DUMP.........int     000200            GLOBAL            ABS GLOBAL
MCE_PACKET.......int   P:0002A8            GLOBAL            ABS GLOBAL OVERLAY
MDT..............int     00000E            GLOBAL            ABS GLOBAL
MODE.............int   X:000001            GLOBAL            ABS GLOBAL OVERLAY
MODE_APPLICATION.int     000000            GLOBAL            ABS GLOBAL OVERLAY
MODE_MCE.........int     000001            GLOBAL            ABS GLOBAL OVERLAY
MODE_QT..........int     000002            GLOBAL            ABS GLOBAL OVERLAY
MODE_RP_BUFFER...int     000003            GLOBAL            ABS GLOBAL OVERLAY
MRRQ.............int     000002            GLOBAL            ABS GLOBAL
MTRQ.............int     000001            GLOBAL            ABS GLOBAL
MY_IPRC..........int     0001C0            GLOBAL            ABS GLOBAL
MY_IPRP..........int     000002            GLOBAL            ABS GLOBAL
MY_SR............int     000100            GLOBAL            ABS GLOBAL
NEXT_DUMP........int   P:0002DB            GLOBAL            ABS GLOBAL OVERLAY
NUM_DUMPED.......int   X:000006            GLOBAL            ABS GLOBAL OVERLAY
OLD_PROCESS_SPLI.int   P:0009C0            GLOBAL            ABS GLOBAL OVERLAY
OLD_PROCESS_SPLI.int   P:0009C8            GLOBAL            ABS GLOBAL OVERLAY
PACKET_IN........int   P:00016E            GLOBAL            ABS GLOBAL OVERLAY
PACKET_PARTITION.int   P:0005BE            GLOBAL            ABS GLOBAL OVERLAY
PACKET_SIZE......int   X:000023            GLOBAL            ABS GLOBAL OVERLAY
PCIDMA_RESTART...int     000010            GLOBAL            ABS GLOBAL OVERLAY
PCIDMA_RESUME....int     000011            GLOBAL            ABS GLOBAL OVERLAY
PCI_BURST_SIZE...int   X:000029            GLOBAL            ABS GLOBAL OVERLAY
PCI_ERROR_CLEAR..int   P:0004BE            GLOBAL            ABS GLOBAL OVERLAY
PCI_GO...........int   P:00058D            GLOBAL            ABS GLOBAL OVERLAY
PCI_LOCKDOWN_AGA.int   P:000183            GLOBAL            ABS GLOBAL OVERLAY
PCI_LOCKDOWN_ENT.int   P:000186            GLOBAL            ABS GLOBAL OVERLAY
PCI_MESSAGE_TO_H.int   P:00047A            GLOBAL            ABS GLOBAL OVERLAY
PCI_MESSAGE_TO_H.int   P:000481            GLOBAL            ABS GLOBAL OVERLAY



DSP Linker  Version 6.3.7   113-05-21  13:28:43  build.map  Page 6


PCI_MESSAGE_TO_H.int   P:000489            GLOBAL            ABS GLOBAL OVERLAY
PCI_MESSAGE_TO_H.int   P:00048C            GLOBAL            ABS GLOBAL OVERLAY
PCI_RECOVER_COUN.int   P:0005A3            GLOBAL            ABS GLOBAL OVERLAY
PCI_RECOVER_COUN.int   P:0005A9            GLOBAL            ABS GLOBAL OVERLAY
PCI_UPDATE_R0....int   P:0005B3            GLOBAL            ABS GLOBAL OVERLAY
PCRC.............int     FFFFBF            GLOBAL            ABS GLOBAL
PCRD.............int     FFFFAF            GLOBAL            ABS GLOBAL
PCRE.............int     FFFF9F            GLOBAL            ABS GLOBAL
PCTL.............int     FFFFFD            GLOBAL            ABS GLOBAL
PDRC.............int     FFFFBD            GLOBAL            ABS GLOBAL
PDRD.............int     FFFFAD            GLOBAL            ABS GLOBAL
PDRE.............int     FFFF9D            GLOBAL            ABS GLOBAL
PEND_ADDR........int     0006AC            GLOBAL            ABS GLOBAL OVERLAY
PLL_INIT.........int     050003            GLOBAL            ABS GLOBAL
PREAMBLE_ERRORS..int   X:000026            GLOBAL            ABS GLOBAL OVERLAY
PRE_ERROR........int   P:0001CF            GLOBAL            ABS GLOBAL OVERLAY
PROCESS_PC_CMD...int   P:000922            GLOBAL            ABS GLOBAL OVERLAY
PROCESS_PC_CMD_1.int   P:000925            GLOBAL            ABS GLOBAL OVERLAY
PROCESS_PC_CMD_2.int   P:000938            GLOBAL            ABS GLOBAL OVERLAY
PROCESS_READ_EXI.int   P:000970            GLOBAL            ABS GLOBAL OVERLAY
PROCESS_READ_P...int   P:000967            GLOBAL            ABS GLOBAL OVERLAY
PROCESS_READ_X...int   P:00096A            GLOBAL            ABS GLOBAL OVERLAY
PROCESS_READ_Y...int   P:00096D            GLOBAL            ABS GLOBAL OVERLAY
PROCESS_REPLY....int   P:000900            GLOBAL            ABS GLOBAL OVERLAY
PROCESS_SEND_MCE.int   P:0009B0            GLOBAL            ABS GLOBAL OVERLAY
PROCESS_SEND_STU.int   P:0009A7            GLOBAL            ABS GLOBAL OVERLAY
PROCESS_SET_DATA.int   P:000999            GLOBAL            ABS GLOBAL OVERLAY
PROCESS_SET_REP_.int   P:000983            GLOBAL            ABS GLOBAL OVERLAY
PROCESS_SIMPLE_E.int   P:0009BE            GLOBAL            ABS GLOBAL OVERLAY
PROCESS_SPLIT_X0.int   P:0009D0            GLOBAL            ABS GLOBAL OVERLAY
PROCESS_SPLIT_X0.int   P:0009D8            GLOBAL            ABS GLOBAL OVERLAY
PROCESS_WRITE_P..int   P:00097A            GLOBAL            ABS GLOBAL OVERLAY
PROCESS_WRITE_X..int   P:00097D            GLOBAL            ABS GLOBAL OVERLAY
PROCESS_WRITE_Y..int   P:000980            GLOBAL            ABS GLOBAL OVERLAY
PROGRAM_END......int   P:0006AC            GLOBAL            ABS GLOBAL OVERLAY
PRRC.............int     FFFFBE            GLOBAL            ABS GLOBAL
PRRD.............int     FFFFAE            GLOBAL            ABS GLOBAL
PRRE.............int     FFFF9E            GLOBAL            ABS GLOBAL
PSIZE_ERRORS.....int   X:000028            GLOBAL            ABS GLOBAL OVERLAY
PTYPE_ERRORS.....int   X:000027            GLOBAL            ABS GLOBAL OVERLAY
P_CHECKSUM.......int   X:000005            GLOBAL            ABS GLOBAL OVERLAY
P_MEM_ER.........int     000002            GLOBAL            ABS GLOBAL
QT_BASE_HI.......int   X:00003D            GLOBAL            ABS GLOBAL OVERLAY
QT_BASE_LO.......int   X:00003C            GLOBAL            ABS GLOBAL OVERLAY
QT_BUF_HEAD......int   X:000042            GLOBAL            ABS GLOBAL OVERLAY
QT_BUF_MAX.......int   X:00003F            GLOBAL            ABS GLOBAL OVERLAY
QT_BUF_SIZE......int   X:00003E            GLOBAL            ABS GLOBAL OVERLAY
QT_BUF_TAIL......int   X:000043            GLOBAL            ABS GLOBAL OVERLAY
QT_DEST_HI.......int   X:000045            GLOBAL            ABS GLOBAL OVERLAY
QT_DEST_LO.......int   X:000044            GLOBAL            ABS GLOBAL OVERLAY
QT_DROPS.........int   X:000047            GLOBAL            ABS GLOBAL OVERLAY
QT_FLUSH.........int     000014            GLOBAL            ABS GLOBAL OVERLAY
QT_FRAME_SIZE....int   X:000040            GLOBAL            ABS GLOBAL OVERLAY
QT_FSIZE_ERROR...int   P:0001D9            GLOBAL            ABS GLOBAL OVERLAY
QT_INFORM........int   X:000041            GLOBAL            ABS GLOBAL OVERLAY
QT_INFORM_IDX....int   X:000046            GLOBAL            ABS GLOBAL OVERLAY
QT_PTYPE_ERROR...int   P:0001D5            GLOBAL            ABS GLOBAL OVERLAY
QUIET_TRANSFER_S.int   P:00039C            GLOBAL            ABS GLOBAL OVERLAY
QUIET_TRANSFER_S.int   P:00042D            GLOBAL            ABS GLOBAL OVERLAY
QUIET_TRANSFER_S.int   P:00041E            GLOBAL            ABS GLOBAL OVERLAY



DSP Linker  Version 6.3.7   113-05-21  13:28:43  build.map  Page 7


QUIET_TRANSFER_S.int   P:000415            GLOBAL            ABS GLOBAL OVERLAY
QUIET_TRANSFER_S.int   P:00040D            GLOBAL            ABS GLOBAL OVERLAY
QUIET_TRANSFER_S.int   P:000423            GLOBAL            ABS GLOBAL OVERLAY
QUIET_TRANSFER_S.int   P:000425            GLOBAL            ABS GLOBAL OVERLAY
QUIET_TRANSFER_S.int   P:0003FE            GLOBAL            ABS GLOBAL OVERLAY
QUIET_TRANSFER_S.int   P:000403            GLOBAL            ABS GLOBAL OVERLAY
RB_SIZE..........int     000040            GLOBAL            ABS GLOBAL OVERLAY
RB_TYPE_DATA_INF.int     000003            GLOBAL            ABS GLOBAL OVERLAY
RB_TYPE_DSP_REP..int     000001            GLOBAL            ABS GLOBAL OVERLAY
RB_TYPE_MCE_REP..int     000002            GLOBAL            ABS GLOBAL OVERLAY
RB_VERSION.......int     000001            GLOBAL            ABS GLOBAL OVERLAY
RDCQ.............int     00000F            GLOBAL            ABS GLOBAL
RDFIFO...........int     FFFFFF            GLOBAL            ABS GLOBAL
RD_DRXR..........int   P:000318            GLOBAL            ABS GLOBAL OVERLAY
READ_MEMORY......int   P:00031F            GLOBAL            ABS GLOBAL OVERLAY
READ_MEMORY_P....int   P:000347            GLOBAL            ABS GLOBAL OVERLAY
READ_MEMORY_X....int   P:000343            GLOBAL            ABS GLOBAL OVERLAY
READ_MEMORY_XYP..int   P:000330            GLOBAL            ABS GLOBAL OVERLAY
READ_MEMORY_Y....int   P:000345            GLOBAL            ABS GLOBAL OVERLAY
REPLY_BUFFER.....int     100000            GLOBAL            ABS GLOBAL
REPLY_BUFFER_INI.int   P:000823            GLOBAL            ABS GLOBAL OVERLAY
REP_BUFFER1......int   X:000058            GLOBAL            ABS GLOBAL OVERLAY
REP_BUS_ADDR.....int   X:000053            GLOBAL            ABS GLOBAL OVERLAY
REP_DATA.........int   X:000068            GLOBAL            ABS GLOBAL OVERLAY
REP_RCMD.........int   X:00006A            GLOBAL            ABS GLOBAL OVERLAY
REP_RPAYLOAD.....int   X:00006C            GLOBAL            ABS GLOBAL OVERLAY
REP_RSIZE........int   X:000069            GLOBAL            ABS GLOBAL OVERLAY
REP_RSTAT........int   X:000068            GLOBAL            ABS GLOBAL OVERLAY
REP_SIZE.........int   X:000059            GLOBAL            ABS GLOBAL OVERLAY
REP_TYPE.........int   X:00005A            GLOBAL            ABS GLOBAL OVERLAY
REP_VERSION......int   X:000058            GLOBAL            ABS GLOBAL OVERLAY
RESET_CONTROLLER.int   P:00037E            GLOBAL            ABS GLOBAL OVERLAY
RESTORE_REGISTER.int   P:000493            GLOBAL            ABS GLOBAL OVERLAY
RETURN_NOW.......int   P:0001DD            GLOBAL            ABS GLOBAL OVERLAY
REV_DATA.........int   X:000004            GLOBAL            ABS GLOBAL OVERLAY
REV_NUMBER.......int   X:000003            GLOBAL            ABS GLOBAL OVERLAY
ROM_FIFO.........int     000002            GLOBAL            ABS GLOBAL
RP_BASE_HI.......int   X:000049            GLOBAL            ABS GLOBAL OVERLAY
RP_BASE_LO.......int   X:000048            GLOBAL            ABS GLOBAL OVERLAY
RP_BUFFER_FULL...int     000015            GLOBAL            ABS GLOBAL OVERLAY
RP_DROPS.........int   X:00004B            GLOBAL            ABS GLOBAL OVERLAY
RP_MAX_SIZE......int   X:00004A            GLOBAL            ABS GLOBAL OVERLAY
RS...............int     000002            GLOBAL            ABS GLOBAL
SAVE_HILO_ADDRES.int   P:0006A3            GLOBAL            ABS GLOBAL OVERLAY
SAVE_REGISTERS...int   P:0004A0            GLOBAL            ABS GLOBAL OVERLAY
SCLK.............int     000002            GLOBAL            ABS GLOBAL
SEND_PACKET_TO_C.int   P:00045C            GLOBAL            ABS GLOBAL OVERLAY
SEND_PACKET_TO_H.int   P:00043C            GLOBAL            ABS GLOBAL OVERLAY
SEND_TO_HOST.....int     000001            GLOBAL            ABS GLOBAL OVERLAY
SMALL_BLK........int     000020            GLOBAL            ABS GLOBAL
SOFTWARE_RESET...int   P:00044B            GLOBAL            ABS GLOBAL OVERLAY
SRRQ.............int     000002            GLOBAL            ABS GLOBAL
SSISR0...........int     FFFFB7            GLOBAL            ABS GLOBAL
START............int   P:000100            GLOBAL            ABS GLOBAL OVERLAY
START_APPLICATIO.int   P:00036A            GLOBAL            ABS GLOBAL OVERLAY
STATUS...........int   X:000000            GLOBAL            ABS GLOBAL OVERLAY
STOP_APPLICATION.int   P:000373            GLOBAL            ABS GLOBAL OVERLAY
STRQ.............int     000001            GLOBAL            ABS GLOBAL
SV_A0............int   X:00000F            GLOBAL            ABS GLOBAL OVERLAY
SV_A1............int   X:000010            GLOBAL            ABS GLOBAL OVERLAY



DSP Linker  Version 6.3.7   113-05-21  13:28:43  build.map  Page 8


SV_A2............int   X:000011            GLOBAL            ABS GLOBAL OVERLAY
SV_B0............int   X:000012            GLOBAL            ABS GLOBAL OVERLAY
SV_B1............int   X:000013            GLOBAL            ABS GLOBAL OVERLAY
SV_B2............int   X:000014            GLOBAL            ABS GLOBAL OVERLAY
SV_R0............int   X:000019            GLOBAL            ABS GLOBAL OVERLAY
SV_SR............int   X:00001A            GLOBAL            ABS GLOBAL OVERLAY
SV_X0............int   X:000015            GLOBAL            ABS GLOBAL OVERLAY
SV_X1............int   X:000016            GLOBAL            ABS GLOBAL OVERLAY
SV_Y0............int   X:000017            GLOBAL            ABS GLOBAL OVERLAY
SV_Y1............int   X:000018            GLOBAL            ABS GLOBAL OVERLAY
SYSTEM_RESET.....int   P:000434            GLOBAL            ABS GLOBAL OVERLAY
TAB..............int     000008            GLOBAL            ABS GLOBAL
TCF..............int     000015            GLOBAL            ABS GLOBAL
TCIE.............int     000002            GLOBAL            ABS GLOBAL
TCPR0............int     FFFF8D            GLOBAL            ABS GLOBAL
TCPR1............int     FFFF89            GLOBAL            ABS GLOBAL
TCPR2............int     FFFF85            GLOBAL            ABS GLOBAL
TCR0.............int     FFFF8C            GLOBAL            ABS GLOBAL
TCR1.............int     FFFF88            GLOBAL            ABS GLOBAL
TCR2.............int     FFFF84            GLOBAL            ABS GLOBAL
TCSR0............int     FFFF8F            GLOBAL            ABS GLOBAL
TCSR1............int     FFFF8B            GLOBAL            ABS GLOBAL
TCSR2............int     FFFF87            GLOBAL            ABS GLOBAL
TDE..............int     000006            GLOBAL            ABS GLOBAL
TDIS.............int     000009            GLOBAL            ABS GLOBAL
TE...............int     000000            GLOBAL            ABS GLOBAL
TIMER_ACTION.....int   P:000636            GLOBAL            ABS GLOBAL OVERLAY
TIMER_ACTION_OK..int   P:000645            GLOBAL            ABS GLOBAL OVERLAY
TIMER_BUFFER.....int     201000            GLOBAL            ABS GLOBAL
TIMER_BUFFER_END.int     202000            GLOBAL            ABS GLOBAL
TIMER_DEFAULT....int   P:00062E            GLOBAL            ABS GLOBAL OVERLAY
TIMER_DISABLE....int   P:000628            GLOBAL            ABS GLOBAL OVERLAY
TIMER_ENABLE.....int   P:000622            GLOBAL            ABS GLOBAL OVERLAY
TIMER_INDEX......int   X:00004C            GLOBAL            ABS GLOBAL OVERLAY
TIMER_SOURCE.....int     FFFF8C            GLOBAL            ABS GLOBAL OVERLAY
TIMER_STORE......int   P:00064D            GLOBAL            ABS GLOBAL OVERLAY
TIMER_STORE_A1...int   P:00064F            GLOBAL            ABS GLOBAL OVERLAY
TIMER_STORE_INIT.int   P:000646            GLOBAL            ABS GLOBAL OVERLAY
TLR0.............int     FFFF8E            GLOBAL            ABS GLOBAL
TLR1.............int     FFFF8A            GLOBAL            ABS GLOBAL
TLR2.............int     FFFF86            GLOBAL            ABS GLOBAL
TO...............int     00000B            GLOBAL            ABS GLOBAL
TOF..............int     000014            GLOBAL            ABS GLOBAL
TOIE.............int     000001            GLOBAL            ABS GLOBAL
TOTAL_BUFFS......int   X:000024            GLOBAL            ABS GLOBAL OVERLAY
TRIGGER_FAKE.....int   X:000050            GLOBAL            ABS GLOBAL OVERLAY
TRTY.............int     00000A            GLOBAL            ABS GLOBAL
TX00.............int     FFFFBC            GLOBAL            ABS GLOBAL
VAR_TBL..........int     000000            GLOBAL            ABS GLOBAL
VAR_TBL_END......int   P:000744            GLOBAL            ABS GLOBAL OVERLAY
VAR_TBL_LENGTH...int     000098            GLOBAL            ABS GLOBAL OVERLAY
VAR_TBL_START....int   P:0006AC            GLOBAL            ABS GLOBAL OVERLAY
VCOM_CHECK.......int   P:0002F7            GLOBAL            ABS GLOBAL OVERLAY
VCOM_EXIT........int   P:000313            GLOBAL            ABS GLOBAL OVERLAY
VCOM_EXIT_ERROR_.int   P:00030C            GLOBAL            ABS GLOBAL OVERLAY
VCOM_EXIT_X0.....int   P:000311            GLOBAL            ABS GLOBAL OVERLAY
VCOM_INTRO.......int   P:000306            GLOBAL            ABS GLOBAL OVERLAY
VCOM_PREPARE_REP.int   P:0002E9            GLOBAL            ABS GLOBAL OVERLAY
VCOM_RTS.........int   P:000305            GLOBAL            ABS GLOBAL OVERLAY
WAIT_FIFO_HALF...int   P:0005F8            GLOBAL            ABS GLOBAL OVERLAY



DSP Linker  Version 6.3.7   113-05-21  13:28:43  build.map  Page 9


WRFIFO...........int     000005            GLOBAL            ABS GLOBAL
WRITE_MEMORY.....int   P:000349            GLOBAL            ABS GLOBAL OVERLAY
WRITE_MEMORY_P...int   P:000368            GLOBAL            ABS GLOBAL OVERLAY
WRITE_MEMORY_X...int   P:000364            GLOBAL            ABS GLOBAL OVERLAY
WRITE_MEMORY_Y...int   P:000366            GLOBAL            ABS GLOBAL OVERLAY
WT_HOST..........int   P:0002BB            GLOBAL            ABS GLOBAL OVERLAY
XMEM_SRC.........int   X:000057            GLOBAL            ABS GLOBAL OVERLAY
X_MEM_ER.........int     000001            GLOBAL            ABS GLOBAL
X_WRITE..........int   P:000158            GLOBAL            ABS GLOBAL OVERLAY
YMEM_DEST........int   X:000033            GLOBAL            ABS GLOBAL OVERLAY
YMEM_SRC.........int   X:00002E            GLOBAL            ABS GLOBAL OVERLAY
Y_MEM_ER.........int     000000            GLOBAL            ABS GLOBAL



                          Symbol Listing by Value


Value             Name              Value             Name              Value             Name              
FFF000            FO_SEND           FFFF84            TCR2              FFFF85            TCPR2
FFFF86            TLR2              FFFF87            TCSR2             FFFF88            TCR1
FFFF89            TCPR1             FFFF8A            TLR1              FFFF8B            TCSR1
FFFF8C            TCR0              FFFF8C            TIMER_SOURCE      FFFF8D            TCPR0
FFFF8E            TLR0              FFFF8F            TCSR0             FFFF9D            PDRE
FFFF9E            PRRE              FFFF9F            PCRE              FFFFAD            PDRD
FFFFAE            PRRD              FFFFAF            PCRD              FFFFB5            CRA0
FFFFB6            CRB0              FFFFB7            SSISR0            FFFFBC            TX00
FFFFBD            PDRC              FFFFBE            PRRC              FFFFBF            PCRC
FFFFC5            DCTR              FFFFC6            DPCR              FFFFC7            DPMC
FFFFC8            DPAR              FFFFC9            DSR               FFFFCA            DPSR
FFFFCB            DRXR              FFFFCC            DTXM              FFFFCD            DTXS
FFFFEC            DCR0              FFFFED            DCO0              FFFFEE            DDR0
FFFFEF            DSR0              FFFFF6            AAR3              FFFFF7            AAR2
FFFFF8            AAR1              FFFFF9            AAR0              FFFFFA            DCR
FFFFFB            BCR               FFFFFD            PCTL              FFFFFE            IPRP
FFFFFF            IPRC              FFFFFF            RDFIFO            000000            APPLICATION_RUNN
000000            DCTR_HCIE         000000            EF                000000            IMAGE_BUFFER
000000            INIT              000000            MODE_APPLICATION  000000            STATUS
000000            TE                000000            VAR_TBL           000000            Y_MEM_ER
000001            CMD_READ_P        000001            HF                000001            MODE
000001            MODE_MCE          000001            MTRQ              000001            RB_TYPE_DSP_REP
000001            RB_VERSION        000001            SEND_TO_HOST      000001            STRQ
000001            TOIE              000001            X_MEM_ER          000002            CMD_READ_X
000002            FATAL_ERROR       000002            FRAME_COUNT       000002            MODE_QT
000002            MRRQ              000002            MY_IPRP           000002            P_MEM_ER
000002            RB_TYPE_MCE_REP   000002            ROM_FIFO          000002            RS
000002            SCLK              000002            SRRQ              000002            TCIE
000003            CMD_READ_Y        000003            DCTR_HF3          000003            DSR_HF0
000003            FO_EMPTY          000003            FO_WRD_RCV        000003            FSYNC
000003            MODE_RP_BUFFER    000003            RB_TYPE_DATA_INF  000003            REV_NUMBER
000004            AUX1              000004            COMM_REP          000004            DCTR_HF4
000004            DSR_HF1           000004            FO_OVER           000004            MARQ
000004            REV_DATA          000005            APER              000005            CMD_WRITE_P
000005            DCTR_HF5          000005            DSR_HF2           000005            FO_UNDER
000005            P_CHECKSUM        000005            WRFIFO            000006            CMD_WRITE_X
000006            DPER              000006            FO_RX_ER          000006            INTA
000006            NUM_DUMPED        000006            TDE               000007            CMD_WRITE_Y
000007            DEBUG             000007            DRXR_WD1          000007            MAB
000008            DRXR_WD2          000008            TAB               000009            CMD_SET_REP_BUF
000009            DRXR_WD3          000009            HST_NFYD          000009            TDIS



DSP Linker  Version 6.3.7   113-05-21  13:28:43  build.map  Page 10


00000A            CMD_SET_DATA_BUF  00000A            CON_DEMAND        00000A            DRXR_WD4
00000A            TRTY              00000B            CON_MCE           00000B            DTXS_WD1
00000B            TO                00000C            DTXS_WD2          00000D            DTXS_WD3
00000E            CLRT              00000E            DTXS_WD4          00000E            MDT
00000F            RDCQ              00000F            SV_A0             000010            PCIDMA_RESTART
000010            SV_A1             000011            CMD_READ_CODED    000011            PCIDMA_RESUME
000011            SV_A2             000012            CMD_WRITE_CODED   000012            MACE
000012            SV_B0             000013            SV_B1             000014            QT_FLUSH
000014            SV_B2             000014            TOF               000015            IAE
000015            RP_BUFFER_FULL    000015            SV_X0             000015            TCF
000016            FC0               000016            FREEZER           000016            SV_X1
000017            FC1               000017            HACT              000017            MAIN_LOOP_POLL
000017            SV_Y0             000018            SV_Y1             000019            SV_R0
00001A            SV_SR             00001B            HEAD_W1_0         00001C            HEAD_W1_1
00001D            HEAD_W2_0         00001E            HEAD_W2_1         00001F            HEAD_W3_0
000020            HEAD_W3_1         000020            SMALL_BLK         000021            CMD_SEND_MCE
000021            HEAD_W4_0         000022            HEAD_W4_1         000023            PACKET_SIZE
000024            TOTAL_BUFFS       000025            LEFT_TO_READ      000026            PREAMBLE_ERRORS
000027            PTYPE_ERRORS      000028            PSIZE_ERRORS      000029            PCI_BURST_SIZE
00002A            BURST_SIZE        00002B            BLOCK_SIZE        00002C            CON_SRC_LO
00002D            CON_SRC_HI        00002E            YMEM_SRC          00002F            BURST_DEST_LO
000030            BURST_DEST_HI     000030            INIT_PCI          000031            BURST_SRC_LO
000031            CMD_SEND_STUFF    000032            BURST_SRC_HI      000033            YMEM_DEST
000034            DMA_ERRORS        000035            EC_TRTY           000036            EC_TO
000037            EC_TDIS           000038            EC_TAB            000039            EC_MAB
00003A            EC_DPER           00003B            EC_APER           00003C            QT_BASE_LO
00003D            QT_BASE_HI        00003E            QT_BUF_SIZE       00003F            QT_BUF_MAX
000040            QT_FRAME_SIZE     000040            RB_SIZE           000041            QT_INFORM
000042            QT_BUF_HEAD       000043            QT_BUF_TAIL       000044            QT_DEST_LO
000045            QT_DEST_HI        000046            QT_INFORM_IDX     000047            QT_DROPS
000048            RP_BASE_LO        000049            RP_BASE_HI        00004A            RP_MAX_SIZE
00004B            RP_DROPS          00004C            TIMER_INDEX       00004D            BDEBUG0
00004E            BDEBUG1           00004F            BDEBUG2           000050            TRIGGER_FAKE
000051            CMD_SIZE          000052            CMD_WORD          000053            REP_BUS_ADDR
000055            DATA_BUS_ADDR     000057            XMEM_SRC          000058            REP_BUFFER1
000058            REP_VERSION       000059            REP_SIZE          00005A            REP_TYPE
000065            CMD_STATUS        000066            CMD_RECV_MCE      000068            REP_DATA
000068            REP_RSTAT         000069            REP_RSIZE         00006A            REP_RCMD
00006C            REP_RPAYLOAD      000098            VAR_TBL_LENGTH    000100            CMD_BUFFER
000100            MY_SR             000100            START             000148            CLR0
00014D            CLR1              000158            X_WRITE           00016E            PACKET_IN
000183            PCI_LOCKDOWN_AGA  000186            PCI_LOCKDOWN_ENT  00018A            HANDLE_FIFO
000197            HANDLE_FIFO_WAIT  0001A1            HANDLE_FIFO_CHEC  0001C0            MY_IPRC
0001CF            PRE_ERROR         0001D5            QT_PTYPE_ERROR    0001D9            QT_FSIZE_ERROR
0001DD            RETURN_NOW        0001DE            INCR_X_R0         0001E3            HANDLE_RP
000200            APPL_PARAM        000200            HF_FIFO           000200            MAX_DUMP
000204            HANDLE_RP1        000225            HANDLE_RP_DROP    00022A            HANDLE_DA
000242            HANDLE_DA_MATH    000266            HANDLE_DA_DROP    00026B            CON_BUFFER
000288            CON_TRANSMIT      000296            CON_TRANSMIT1     0002A8            MCE_PACKET
0002BB            WT_HOST           0002D5            DUMP_FIFO         0002DB            NEXT_DUMP
0002E6            FIFO_EMPTY        0002E9            VCOM_PREPARE_REP  0002F7            VCOM_CHECK
000305            VCOM_RTS          000306            VCOM_INTRO        00030C            VCOM_EXIT_ERROR_
000311            VCOM_EXIT_X0      000313            VCOM_EXIT         000318            RD_DRXR
00031F            READ_MEMORY       000330            READ_MEMORY_XYP   000343            READ_MEMORY_X
000345            READ_MEMORY_Y     000347            READ_MEMORY_P     000349            WRITE_MEMORY
000364            WRITE_MEMORY_X    000366            WRITE_MEMORY_Y    000368            WRITE_MEMORY_P
00036A            START_APPLICATIO  000373            STOP_APPLICATION  00037E            RESET_CONTROLLER
000397            L_RDFIFO          000398            L_DELAY           00039C            QUIET_TRANSFER_S
0003FE            QUIET_TRANSFER_S  000403            QUIET_TRANSFER_S  00040D            QUIET_TRANSFER_S
000415            QUIET_TRANSFER_S  00041E            QUIET_TRANSFER_S  000423            QUIET_TRANSFER_S



DSP Linker  Version 6.3.7   113-05-21  13:28:43  build.map  Page 11


000425            QUIET_TRANSFER_S  00042D            QUIET_TRANSFER_S  000434            SYSTEM_RESET
00043C            SEND_PACKET_TO_H  00044B            SOFTWARE_RESET    000451            FINISH_RST
00045C            SEND_PACKET_TO_C  000470            CHECK_FO          000478            CHECK_FO_CLEAR
00047A            PCI_MESSAGE_TO_H  000481            PCI_MESSAGE_TO_H  000489            PCI_MESSAGE_TO_H
00048C            PCI_MESSAGE_TO_H  000493            RESTORE_REGISTER  0004A0            SAVE_REGISTERS
0004AD            FLUSH_PCI_FIFO    0004B4            CLEAR_FO_FIFO     0004BE            PCI_ERROR_CLEAR
0004D2            ERROR_TRTY        0004DC            ERROR_TO          0004E6            ERROR_TDIS
0004F0            ERROR_TAB         0004FA            ERROR_MAB         000504            ERROR_DPER
00050E            ERROR_APER        000518            BLOCK_TRANSFER    00051E            BLOCK_TRANSFER0
000523            BLOCK_TRANSFER1   000536            BLOCK_TRANSFER_P  000546            BLOCK_TRANSFER_H
000552            CON_TRANSFER      000558            CON_TRANSFER0     00055D            CON_TRANSFER1
000571            CON_TRANSFER_PCI  000581            CON_TRANSFER_HAN  00058D            PCI_GO
0005A3            PCI_RECOVER_COUN  0005A9            PCI_RECOVER_COUN  0005B3            PCI_UPDATE_R0
0005BE            PACKET_PARTITION  0005CB            BUFFER_PACKET     0005DC            BUFFER_PACKET_HA
0005DE            BUFFER_PACKET_SI  0005E5            BUFFER_PACKET_SI  0005EC            BUFFER_PACKET_SI
0005EF            BUFFER_PACKET_SI  0005F2            BUFFER_PACKET_SI  0005F3            BUFFER_PACKET_HA
0005F7            BUFFER_PACKET_HA  0005F8            WAIT_FIFO_HALF    000601            BUFFER_PACKET_SI
000603            BUFFER_PACKET_SI  00060C            BUFFER_PACKET_DO  00060D            FATALITY_HANDLER
00060E            DROP_PACKET       000614            DROP_PACKET_SING  000616            DROP_PACKET_SING
00061D            DROP_PACKET_DONE  00061E            DROP_FIFO_HALF    000621            DROP_FIFO_DONE
000622            TIMER_ENABLE      000628            TIMER_DISABLE     00062E            TIMER_DEFAULT
000636            TIMER_ACTION      000645            TIMER_ACTION_OK   000646            TIMER_STORE_INIT
00064D            TIMER_STORE       00064F            TIMER_STORE_A1    000657            BUFFER_INCR
000669            BUFFER_RESET      000675            BUFFER_INFORM_CH  00067F            BUFFER_INFORM_OK
000682            BUFFER_INFORM     00069A            INFORM_EXIT       00069B            LOAD_HILO_ADDRES
0006A1            ADD_HILO_ADDRESS  0006A3            SAVE_HILO_ADDRES  0006AC            BOOTCODE_END
0006AC            BOOTEND_ADDR      0006AC            PEND_ADDR         0006AC            PROGRAM_END
0006AC            VAR_TBL_START     000744            VAR_TBL_END       000800            APPLICATION
000810            HACK_ENTRY        000812            HACK_INIT         00081B            HACK_LOOP
000821            HACK_EXIT         000823            REPLY_BUFFER_INI  000833            BLOCK_TRANSFERX
000839            BLOCK_TRANSFERX0  00083D            BLOCK_TRANSFERX1  00084E            BLOCK_TRANSFERX_
00085A            BLOCK_TRANSFERX_  000900            PROCESS_REPLY     000922            PROCESS_PC_CMD
000925            PROCESS_PC_CMD_1  000938            PROCESS_PC_CMD_2  000967            PROCESS_READ_P
00096A            PROCESS_READ_X    00096D            PROCESS_READ_Y    000970            PROCESS_READ_EXI
00097A            PROCESS_WRITE_P   00097D            PROCESS_WRITE_X   000980            PROCESS_WRITE_Y
000983            PROCESS_SET_REP_  000999            PROCESS_SET_DATA  0009A7            PROCESS_SEND_STU
0009B0            PROCESS_SEND_MCE  0009BE            PROCESS_SIMPLE_E  0009C0            OLD_PROCESS_SPLI
0009C8            OLD_PROCESS_SPLI  0009D0            PROCESS_SPLIT_X0  0009D8            PROCESS_SPLIT_X0
0009E0            FAKE_PACKET       0009FC            FAKE_PACKET_2     0009FD            DEBUG_UP
0009FF            DEBUG_DOWN        000A03            END_ADR           001000            DUMP_BUFF
200000            COMMAND_BUFFER    050003            PLL_INIT          100000            REPLY_BUFFER
201000            TIMER_BUFFER      202000            TIMER_BUFFER_END  


